Archive member included to satisfy reference by file (symbol)

.\CortexM0\ARM_GCC_541\Debug\DS18x8_demo.a(OneWire.o)
                              .\CortexM0\ARM_GCC_541\Debug\main.o (OneWire_SendTemperatureRequest)
.\CortexM0\ARM_GCC_541\Debug\DS18x8_demo.a(isr_Timer.o)
                              .\CortexM0\ARM_GCC_541\Debug\main.o (isr_Timer_StartEx)
.\CortexM0\ARM_GCC_541\Debug\DS18x8_demo.a(OneWire_ControlReg_DRV.o)
                              .\CortexM0\ARM_GCC_541\Debug\DS18x8_demo.a(OneWire.o) (OneWire_ControlReg_DRV_Write)
.\CortexM0\ARM_GCC_541\Debug\DS18x8_demo.a(OneWire_StatusReg_BUS.o)
                              .\CortexM0\ARM_GCC_541\Debug\DS18x8_demo.a(OneWire.o) (OneWire_StatusReg_BUS_Read)
.\CortexM0\ARM_GCC_541\Debug\DS18x8_demo.a(OneWire_TimerDelay.o)
                              .\CortexM0\ARM_GCC_541\Debug\DS18x8_demo.a(OneWire.o) (OneWire_TimerDelay_WriteCounter)
.\CortexM0\ARM_GCC_541\Debug\DS18x8_demo.a(OneWire_ControlReg_SEL.o)
                              .\CortexM0\ARM_GCC_541\Debug\DS18x8_demo.a(OneWire.o) (OneWire_ControlReg_SEL_Write)
.\CortexM0\ARM_GCC_541\Debug\DS18x8_demo.a(OneWire_Trigger.o)
                              .\CortexM0\ARM_GCC_541\Debug\DS18x8_demo.a(OneWire.o) (OneWire_Trigger_Write)
.\CortexM0\ARM_GCC_541\Debug\DS18x8_demo.a(OneWire_isr_DataReady.o)
                              .\CortexM0\ARM_GCC_541\Debug\DS18x8_demo.a(OneWire.o) (OneWire_isr_DataReady_StartEx)
.\CortexM0\ARM_GCC_541\Debug\DS18x8_demo.a(CyLib.o)
                              .\CortexM0\ARM_GCC_541\Debug\cyfitter_cfg.o (CySysClkWriteImoFreq)
.\CortexM0\ARM_GCC_541\Debug\DS18x8_demo.a(UART_DEB.o)
                              .\CortexM0\ARM_GCC_541\Debug\main.o (UART_DEB_Start)
.\CortexM0\ARM_GCC_541\Debug\DS18x8_demo.a(UART_DEB_UART.o)
                              .\CortexM0\ARM_GCC_541\Debug\DS18x8_demo.a(UART_DEB.o) (UART_DEB_UartInit)
.\CortexM0\ARM_GCC_541\Debug\DS18x8_demo.a(CyLFClk.o)
                              .\CortexM0\ARM_GCC_541\Debug\cyfitter_cfg.o (CySysClkWcoStart)
.\CortexM0\ARM_GCC_541\Debug\DS18x8_demo.a(CyBootAsmGnu.o)
                              .\CortexM0\ARM_GCC_541\Debug\cyfitter_cfg.o (CyDelayCycles)
.\CortexM0\ARM_GCC_541\Debug\DS18x8_demo.a(UART_DEB_SPI_UART.o)
                              .\CortexM0\ARM_GCC_541\Debug\DS18x8_demo.a(UART_DEB_UART.o) (UART_DEB_SpiUartReadRxData)
c:/program files (x86)/cypress/psoc creator/4.2/psoc creator/import/gnu/arm/5.4.1/bin/../lib/gcc/arm-none-eabi/5.4.1/armv6-m\libgcc.a(_udivsi3.o)
                              .\CortexM0\ARM_GCC_541\Debug\DS18x8_demo.a(CyLib.o) (__aeabi_uidiv)
c:/program files (x86)/cypress/psoc creator/4.2/psoc creator/import/gnu/arm/5.4.1/bin/../lib/gcc/arm-none-eabi/5.4.1/armv6-m\libgcc.a(_divsi3.o)
                              .\CortexM0\ARM_GCC_541\Debug\DS18x8_demo.a(OneWire.o) (__aeabi_idiv)
c:/program files (x86)/cypress/psoc creator/4.2/psoc creator/import/gnu/arm/5.4.1/bin/../lib/gcc/arm-none-eabi/5.4.1/armv6-m\libgcc.a(_dvmd_tls.o)
                              c:/program files (x86)/cypress/psoc creator/4.2/psoc creator/import/gnu/arm/5.4.1/bin/../lib/gcc/arm-none-eabi/5.4.1/armv6-m\libgcc.a(_udivsi3.o) (__aeabi_idiv0)
c:/program files (x86)/cypress/psoc creator/4.2/psoc creator/import/gnu/arm/5.4.1/bin/../lib/gcc/arm-none-eabi/5.4.1/armv6-m\libgcc.a(mulsf3.o)
                              .\CortexM0\ARM_GCC_541\Debug\DS18x8_demo.a(OneWire.o) (__aeabi_fmul)
c:/program files (x86)/cypress/psoc creator/4.2/psoc creator/import/gnu/arm/5.4.1/bin/../lib/gcc/arm-none-eabi/5.4.1/armv6-m\libgcc.a(floatsisf.o)
                              .\CortexM0\ARM_GCC_541\Debug\DS18x8_demo.a(OneWire.o) (__aeabi_i2f)
c:/program files (x86)/cypress/psoc creator/4.2/psoc creator/import/gnu/arm/5.4.1/bin/../lib/gcc/arm-none-eabi/5.4.1/armv6-m\libgcc.a(_clzsi2.o)
                              c:/program files (x86)/cypress/psoc creator/4.2/psoc creator/import/gnu/arm/5.4.1/bin/../lib/gcc/arm-none-eabi/5.4.1/armv6-m\libgcc.a(mulsf3.o) (__clzsi2)
c:/program files (x86)/cypress/psoc creator/4.2/psoc creator/import/gnu/arm/5.4.1/bin/../lib/gcc/arm-none-eabi/5.4.1/../../../../arm-none-eabi/lib/armv6-m\libg_nano.a(lib_a-errno.o)
                              .\CortexM0\ARM_GCC_541\Debug\Cm0Start.o (__errno)
c:/program files (x86)/cypress/psoc creator/4.2/psoc creator/import/gnu/arm/5.4.1/bin/../lib/gcc/arm-none-eabi/5.4.1/../../../../arm-none-eabi/lib/armv6-m\libg_nano.a(lib_a-exit.o)
                              c:/program files (x86)/cypress/psoc creator/4.2/psoc creator/import/gnu/arm/5.4.1/bin/../lib/gcc/arm-none-eabi/5.4.1/../../../../arm-none-eabi/lib/armv6-m/crt0.o (exit)
c:/program files (x86)/cypress/psoc creator/4.2/psoc creator/import/gnu/arm/5.4.1/bin/../lib/gcc/arm-none-eabi/5.4.1/../../../../arm-none-eabi/lib/armv6-m\libg_nano.a(lib_a-impure.o)
                              c:/program files (x86)/cypress/psoc creator/4.2/psoc creator/import/gnu/arm/5.4.1/bin/../lib/gcc/arm-none-eabi/5.4.1/../../../../arm-none-eabi/lib/armv6-m\libg_nano.a(lib_a-exit.o) (_global_impure_ptr)
c:/program files (x86)/cypress/psoc creator/4.2/psoc creator/import/gnu/arm/5.4.1/bin/../lib/gcc/arm-none-eabi/5.4.1/../../../../arm-none-eabi/lib/armv6-m\libg_nano.a(lib_a-init.o)
                              c:/program files (x86)/cypress/psoc creator/4.2/psoc creator/import/gnu/arm/5.4.1/bin/../lib/gcc/arm-none-eabi/5.4.1/../../../../arm-none-eabi/lib/armv6-m/crt0.o (__libc_init_array)
c:/program files (x86)/cypress/psoc creator/4.2/psoc creator/import/gnu/arm/5.4.1/bin/../lib/gcc/arm-none-eabi/5.4.1/../../../../arm-none-eabi/lib/armv6-m\libg_nano.a(lib_a-memcpy-stub.o)
                              .\CortexM0\ARM_GCC_541\Debug\main.o (memcpy)
c:/program files (x86)/cypress/psoc creator/4.2/psoc creator/import/gnu/arm/5.4.1/bin/../lib/gcc/arm-none-eabi/5.4.1/../../../../arm-none-eabi/lib/armv6-m\libg_nano.a(lib_a-memset.o)
                              c:/program files (x86)/cypress/psoc creator/4.2/psoc creator/import/gnu/arm/5.4.1/bin/../lib/gcc/arm-none-eabi/5.4.1/../../../../arm-none-eabi/lib/armv6-m/crt0.o (memset)
c:/program files (x86)/cypress/psoc creator/4.2/psoc creator/import/gnu/arm/5.4.1/bin/../lib/gcc/arm-none-eabi/5.4.1/../../../../arm-none-eabi/lib/armv6-m\libg_nano.a(lib_a-strcat.o)
                              .\CortexM0\ARM_GCC_541\Debug\main.o (strcat)
c:/program files (x86)/cypress/psoc creator/4.2/psoc creator/import/gnu/arm/5.4.1/bin/../lib/gcc/arm-none-eabi/5.4.1/../../../../arm-none-eabi/lib/armv6-m\libg_nano.a(lib_a-strlen.o)
                              .\CortexM0\ARM_GCC_541\Debug\main.o (strlen)

Allocating common symbols
Common symbol       size              file

BusPresence         0x1               .\CortexM0\ARM_GCC_541\Debug\DS18x8_demo.a(OneWire.o)
OneWire_Sensor      0x20              .\CortexM0\ARM_GCC_541\Debug\main.o
OneWire_DataReady   0x1               .\CortexM0\ARM_GCC_541\Debug\main.o

Discarded input sections

 .text          0x00000000        0x0 c:/program files (x86)/cypress/psoc creator/4.2/psoc creator/import/gnu/arm/5.4.1/bin/../lib/gcc/arm-none-eabi/5.4.1/armv6-m/crti.o
 .data          0x00000000        0x0 c:/program files (x86)/cypress/psoc creator/4.2/psoc creator/import/gnu/arm/5.4.1/bin/../lib/gcc/arm-none-eabi/5.4.1/armv6-m/crti.o
 .bss           0x00000000        0x0 c:/program files (x86)/cypress/psoc creator/4.2/psoc creator/import/gnu/arm/5.4.1/bin/../lib/gcc/arm-none-eabi/5.4.1/armv6-m/crti.o
 .data          0x00000000        0x4 c:/program files (x86)/cypress/psoc creator/4.2/psoc creator/import/gnu/arm/5.4.1/bin/../lib/gcc/arm-none-eabi/5.4.1/armv6-m/crtbegin.o
 .text          0x00000000       0x78 c:/program files (x86)/cypress/psoc creator/4.2/psoc creator/import/gnu/arm/5.4.1/bin/../lib/gcc/arm-none-eabi/5.4.1/../../../../arm-none-eabi/lib/armv6-m/crt0.o
 .data          0x00000000        0x0 c:/program files (x86)/cypress/psoc creator/4.2/psoc creator/import/gnu/arm/5.4.1/bin/../lib/gcc/arm-none-eabi/5.4.1/../../../../arm-none-eabi/lib/armv6-m/crt0.o
 .bss           0x00000000        0x0 c:/program files (x86)/cypress/psoc creator/4.2/psoc creator/import/gnu/arm/5.4.1/bin/../lib/gcc/arm-none-eabi/5.4.1/../../../../arm-none-eabi/lib/armv6-m/crt0.o
 .ARM.extab     0x00000000        0x0 c:/program files (x86)/cypress/psoc creator/4.2/psoc creator/import/gnu/arm/5.4.1/bin/../lib/gcc/arm-none-eabi/5.4.1/../../../../arm-none-eabi/lib/armv6-m/crt0.o
 .ARM.exidx     0x00000000        0x8 c:/program files (x86)/cypress/psoc creator/4.2/psoc creator/import/gnu/arm/5.4.1/bin/../lib/gcc/arm-none-eabi/5.4.1/../../../../arm-none-eabi/lib/armv6-m/crt0.o
 .text          0x00000000        0x0 .\CortexM0\ARM_GCC_541\Debug\main.o
 .data          0x00000000        0x0 .\CortexM0\ARM_GCC_541\Debug\main.o
 .text          0x00000000        0x0 .\CortexM0\ARM_GCC_541\Debug\cyfitter_cfg.o
 .data          0x00000000        0x0 .\CortexM0\ARM_GCC_541\Debug\cyfitter_cfg.o
 .bss           0x00000000        0x0 .\CortexM0\ARM_GCC_541\Debug\cyfitter_cfg.o
 .text.CYCONFIGCPY
                0x00000000       0x20 .\CortexM0\ARM_GCC_541\Debug\cyfitter_cfg.o
 .text          0x00000000        0x0 .\CortexM0\ARM_GCC_541\Debug\cymetadata.o
 .data          0x00000000        0x0 .\CortexM0\ARM_GCC_541\Debug\cymetadata.o
 .bss           0x00000000        0x0 .\CortexM0\ARM_GCC_541\Debug\cymetadata.o
 .text          0x00000000        0x0 .\CortexM0\ARM_GCC_541\Debug\Cm0Start.o
 .data          0x00000000        0x4 .\CortexM0\ARM_GCC_541\Debug\Cm0Start.o
 .bss           0x00000000        0x0 .\CortexM0\ARM_GCC_541\Debug\Cm0Start.o
 .text._exit    0x00000000       0x14 .\CortexM0\ARM_GCC_541\Debug\Cm0Start.o
 .text._sbrk    0x00000000       0x54 .\CortexM0\ARM_GCC_541\Debug\Cm0Start.o
 .text          0x00000000        0x0 .\CortexM0\ARM_GCC_541\Debug\DS18x8_demo.a(OneWire.o)
 .bss           0x00000000        0x0 .\CortexM0\ARM_GCC_541\Debug\DS18x8_demo.a(OneWire.o)
 .text.OneWire_GetTemperatureAsFloat
                0x00000000       0x44 .\CortexM0\ARM_GCC_541\Debug\DS18x8_demo.a(OneWire.o)
 .text.OneWire_GetTemperatureAsInt100
                0x00000000       0x3c .\CortexM0\ARM_GCC_541\Debug\DS18x8_demo.a(OneWire.o)
 .text.OneWire_Stop
                0x00000000       0x10 .\CortexM0\ARM_GCC_541\Debug\DS18x8_demo.a(OneWire.o)
 .text.OneWire_BusState
                0x00000000       0x14 .\CortexM0\ARM_GCC_541\Debug\DS18x8_demo.a(OneWire.o)
 .text.OneWire_CheckPresence
                0x00000000       0x20 .\CortexM0\ARM_GCC_541\Debug\DS18x8_demo.a(OneWire.o)
 .text          0x00000000        0x0 .\CortexM0\ARM_GCC_541\Debug\DS18x8_demo.a(isr_Timer.o)
 .data          0x00000000        0x0 .\CortexM0\ARM_GCC_541\Debug\DS18x8_demo.a(isr_Timer.o)
 .bss           0x00000000        0x0 .\CortexM0\ARM_GCC_541\Debug\DS18x8_demo.a(isr_Timer.o)
 .text.isr_Timer_Start
                0x00000000       0x24 .\CortexM0\ARM_GCC_541\Debug\DS18x8_demo.a(isr_Timer.o)
 .text.isr_Timer_Stop
                0x00000000       0x1c .\CortexM0\ARM_GCC_541\Debug\DS18x8_demo.a(isr_Timer.o)
 .text.isr_Timer_Interrupt
                0x00000000        0xc .\CortexM0\ARM_GCC_541\Debug\DS18x8_demo.a(isr_Timer.o)
 .text.isr_Timer_GetVector
                0x00000000       0x14 .\CortexM0\ARM_GCC_541\Debug\DS18x8_demo.a(isr_Timer.o)
 .text.isr_Timer_GetPriority
                0x00000000       0x2c .\CortexM0\ARM_GCC_541\Debug\DS18x8_demo.a(isr_Timer.o)
 .text.isr_Timer_GetState
                0x00000000       0x20 .\CortexM0\ARM_GCC_541\Debug\DS18x8_demo.a(isr_Timer.o)
 .text.isr_Timer_SetPending
                0x00000000       0x14 .\CortexM0\ARM_GCC_541\Debug\DS18x8_demo.a(isr_Timer.o)
 .text.isr_Timer_ClearPending
                0x00000000       0x14 .\CortexM0\ARM_GCC_541\Debug\DS18x8_demo.a(isr_Timer.o)
 .text          0x00000000        0x0 .\CortexM0\ARM_GCC_541\Debug\DS18x8_demo.a(OneWire_ControlReg_DRV.o)
 .data          0x00000000        0x0 .\CortexM0\ARM_GCC_541\Debug\DS18x8_demo.a(OneWire_ControlReg_DRV.o)
 .bss           0x00000000        0x0 .\CortexM0\ARM_GCC_541\Debug\DS18x8_demo.a(OneWire_ControlReg_DRV.o)
 .text.OneWire_ControlReg_DRV_Read
                0x00000000       0x14 .\CortexM0\ARM_GCC_541\Debug\DS18x8_demo.a(OneWire_ControlReg_DRV.o)
 .text          0x00000000        0x0 .\CortexM0\ARM_GCC_541\Debug\DS18x8_demo.a(OneWire_StatusReg_BUS.o)
 .data          0x00000000        0x0 .\CortexM0\ARM_GCC_541\Debug\DS18x8_demo.a(OneWire_StatusReg_BUS.o)
 .bss           0x00000000        0x0 .\CortexM0\ARM_GCC_541\Debug\DS18x8_demo.a(OneWire_StatusReg_BUS.o)
 .text.OneWire_StatusReg_BUS_InterruptEnable
                0x00000000       0x38 .\CortexM0\ARM_GCC_541\Debug\DS18x8_demo.a(OneWire_StatusReg_BUS.o)
 .text.OneWire_StatusReg_BUS_InterruptDisable
                0x00000000       0x38 .\CortexM0\ARM_GCC_541\Debug\DS18x8_demo.a(OneWire_StatusReg_BUS.o)
 .text.OneWire_StatusReg_BUS_WriteMask
                0x00000000       0x20 .\CortexM0\ARM_GCC_541\Debug\DS18x8_demo.a(OneWire_StatusReg_BUS.o)
 .text.OneWire_StatusReg_BUS_ReadMask
                0x00000000       0x14 .\CortexM0\ARM_GCC_541\Debug\DS18x8_demo.a(OneWire_StatusReg_BUS.o)
 .text          0x00000000        0x0 .\CortexM0\ARM_GCC_541\Debug\DS18x8_demo.a(OneWire_TimerDelay.o)
 .data          0x00000000        0x0 .\CortexM0\ARM_GCC_541\Debug\DS18x8_demo.a(OneWire_TimerDelay.o)
 .text.OneWire_TimerDelay_Stop
                0x00000000       0x20 .\CortexM0\ARM_GCC_541\Debug\DS18x8_demo.a(OneWire_TimerDelay.o)
 .text.OneWire_TimerDelay_SoftwareCapture
                0x00000000       0x14 .\CortexM0\ARM_GCC_541\Debug\DS18x8_demo.a(OneWire_TimerDelay.o)
 .text.OneWire_TimerDelay_ReadControlRegister
                0x00000000       0x14 .\CortexM0\ARM_GCC_541\Debug\DS18x8_demo.a(OneWire_TimerDelay.o)
 .text.OneWire_TimerDelay_WriteControlRegister
                0x00000000       0x20 .\CortexM0\ARM_GCC_541\Debug\DS18x8_demo.a(OneWire_TimerDelay.o)
 .text.OneWire_TimerDelay_ReadPeriod
                0x00000000       0x14 .\CortexM0\ARM_GCC_541\Debug\DS18x8_demo.a(OneWire_TimerDelay.o)
 .text.OneWire_TimerDelay_ReadCounter
                0x00000000       0x1c .\CortexM0\ARM_GCC_541\Debug\DS18x8_demo.a(OneWire_TimerDelay.o)
 .text.OneWire_TimerDelay_DisableTrigger
                0x00000000       0x20 .\CortexM0\ARM_GCC_541\Debug\DS18x8_demo.a(OneWire_TimerDelay.o)
 .text          0x00000000        0x0 .\CortexM0\ARM_GCC_541\Debug\DS18x8_demo.a(OneWire_ControlReg_SEL.o)
 .data          0x00000000        0x0 .\CortexM0\ARM_GCC_541\Debug\DS18x8_demo.a(OneWire_ControlReg_SEL.o)
 .bss           0x00000000        0x0 .\CortexM0\ARM_GCC_541\Debug\DS18x8_demo.a(OneWire_ControlReg_SEL.o)
 .text.OneWire_ControlReg_SEL_Read
                0x00000000       0x14 .\CortexM0\ARM_GCC_541\Debug\DS18x8_demo.a(OneWire_ControlReg_SEL.o)
 .text          0x00000000        0x0 .\CortexM0\ARM_GCC_541\Debug\DS18x8_demo.a(OneWire_Trigger.o)
 .data          0x00000000        0x0 .\CortexM0\ARM_GCC_541\Debug\DS18x8_demo.a(OneWire_Trigger.o)
 .bss           0x00000000        0x0 .\CortexM0\ARM_GCC_541\Debug\DS18x8_demo.a(OneWire_Trigger.o)
 .text.OneWire_Trigger_Read
                0x00000000       0x14 .\CortexM0\ARM_GCC_541\Debug\DS18x8_demo.a(OneWire_Trigger.o)
 .text          0x00000000        0x0 .\CortexM0\ARM_GCC_541\Debug\DS18x8_demo.a(OneWire_isr_DataReady.o)
 .data          0x00000000        0x0 .\CortexM0\ARM_GCC_541\Debug\DS18x8_demo.a(OneWire_isr_DataReady.o)
 .bss           0x00000000        0x0 .\CortexM0\ARM_GCC_541\Debug\DS18x8_demo.a(OneWire_isr_DataReady.o)
 .text.OneWire_isr_DataReady_Start
                0x00000000       0x24 .\CortexM0\ARM_GCC_541\Debug\DS18x8_demo.a(OneWire_isr_DataReady.o)
 .text.OneWire_isr_DataReady_Stop
                0x00000000       0x1c .\CortexM0\ARM_GCC_541\Debug\DS18x8_demo.a(OneWire_isr_DataReady.o)
 .text.OneWire_isr_DataReady_Interrupt
                0x00000000        0xc .\CortexM0\ARM_GCC_541\Debug\DS18x8_demo.a(OneWire_isr_DataReady.o)
 .text.OneWire_isr_DataReady_GetVector
                0x00000000       0x14 .\CortexM0\ARM_GCC_541\Debug\DS18x8_demo.a(OneWire_isr_DataReady.o)
 .text.OneWire_isr_DataReady_GetPriority
                0x00000000       0x2c .\CortexM0\ARM_GCC_541\Debug\DS18x8_demo.a(OneWire_isr_DataReady.o)
 .text.OneWire_isr_DataReady_GetState
                0x00000000       0x20 .\CortexM0\ARM_GCC_541\Debug\DS18x8_demo.a(OneWire_isr_DataReady.o)
 .text.OneWire_isr_DataReady_SetPending
                0x00000000       0x14 .\CortexM0\ARM_GCC_541\Debug\DS18x8_demo.a(OneWire_isr_DataReady.o)
 .text.OneWire_isr_DataReady_ClearPending
                0x00000000       0x14 .\CortexM0\ARM_GCC_541\Debug\DS18x8_demo.a(OneWire_isr_DataReady.o)
 .text          0x00000000        0x0 .\CortexM0\ARM_GCC_541\Debug\DS18x8_demo.a(CyLib.o)
 .bss           0x00000000       0x18 .\CortexM0\ARM_GCC_541\Debug\DS18x8_demo.a(CyLib.o)
 .text.CySysClkImoStart
                0x00000000       0x1c .\CortexM0\ARM_GCC_541\Debug\DS18x8_demo.a(CyLib.o)
 .text.CySysClkImoStop
                0x00000000       0x1c .\CortexM0\ARM_GCC_541\Debug\DS18x8_demo.a(CyLib.o)
 .text.CySysClkWriteHfclkDirect
                0x00000000       0x48 .\CortexM0\ARM_GCC_541\Debug\DS18x8_demo.a(CyLib.o)
 .text.CySysEnablePumpClock
                0x00000000       0x50 .\CortexM0\ARM_GCC_541\Debug\DS18x8_demo.a(CyLib.o)
 .text.CySysClkGetSysclkSource
                0x00000000       0x34 .\CortexM0\ARM_GCC_541\Debug\DS18x8_demo.a(CyLib.o)
 .text.CySysClkWriteSysclkDiv
                0x00000000       0x48 .\CortexM0\ARM_GCC_541\Debug\DS18x8_demo.a(CyLib.o)
 .text.CySysClkEcoStop
                0x00000000       0x30 .\CortexM0\ARM_GCC_541\Debug\DS18x8_demo.a(CyLib.o)
 .text.CySysClkWriteEcoDiv
                0x00000000       0x58 .\CortexM0\ARM_GCC_541\Debug\DS18x8_demo.a(CyLib.o)
 .text.CySysLvdEnable
                0x00000000       0x64 .\CortexM0\ARM_GCC_541\Debug\DS18x8_demo.a(CyLib.o)
 .text.CySysLvdDisable
                0x00000000       0x2c .\CortexM0\ARM_GCC_541\Debug\DS18x8_demo.a(CyLib.o)
 .text.CySysLvdGetInterruptSource
                0x00000000       0x18 .\CortexM0\ARM_GCC_541\Debug\DS18x8_demo.a(CyLib.o)
 .text.CySysLvdClearInterrupt
                0x00000000       0x14 .\CortexM0\ARM_GCC_541\Debug\DS18x8_demo.a(CyLib.o)
 .text.CySysGetResetReason
                0x00000000       0x30 .\CortexM0\ARM_GCC_541\Debug\DS18x8_demo.a(CyLib.o)
 .text.CyDisableInts
                0x00000000       0x24 .\CortexM0\ARM_GCC_541\Debug\DS18x8_demo.a(CyLib.o)
 .text.CyEnableInts
                0x00000000       0x1c .\CortexM0\ARM_GCC_541\Debug\DS18x8_demo.a(CyLib.o)
 .text.CyIntSetSysVector
                0x00000000       0x48 .\CortexM0\ARM_GCC_541\Debug\DS18x8_demo.a(CyLib.o)
 .text.CyIntGetSysVector
                0x00000000       0x34 .\CortexM0\ARM_GCC_541\Debug\DS18x8_demo.a(CyLib.o)
 .text.CyIntSetVector
                0x00000000       0x4c .\CortexM0\ARM_GCC_541\Debug\DS18x8_demo.a(CyLib.o)
 .text.CyIntGetVector
                0x00000000       0x38 .\CortexM0\ARM_GCC_541\Debug\DS18x8_demo.a(CyLib.o)
 .text.CyIntSetPriority
                0x00000000       0xa8 .\CortexM0\ARM_GCC_541\Debug\DS18x8_demo.a(CyLib.o)
 .text.CyIntGetPriority
                0x00000000       0x58 .\CortexM0\ARM_GCC_541\Debug\DS18x8_demo.a(CyLib.o)
 .text.CyIntEnable
                0x00000000       0x2c .\CortexM0\ARM_GCC_541\Debug\DS18x8_demo.a(CyLib.o)
 .text.CyIntGetState
                0x00000000       0x30 .\CortexM0\ARM_GCC_541\Debug\DS18x8_demo.a(CyLib.o)
 .text.CyIntDisable
                0x00000000       0x2c .\CortexM0\ARM_GCC_541\Debug\DS18x8_demo.a(CyLib.o)
 .text.CyIntSetPending
                0x00000000       0x2c .\CortexM0\ARM_GCC_541\Debug\DS18x8_demo.a(CyLib.o)
 .text.CyIntClearPending
                0x00000000       0x2c .\CortexM0\ARM_GCC_541\Debug\DS18x8_demo.a(CyLib.o)
 .text.CySoftwareReset
                0x00000000       0x24 .\CortexM0\ARM_GCC_541\Debug\DS18x8_demo.a(CyLib.o)
 .text.CyDelayFreq
                0x00000000       0x84 .\CortexM0\ARM_GCC_541\Debug\DS18x8_demo.a(CyLib.o)
 .text.CySysTickStart
                0x00000000       0x24 .\CortexM0\ARM_GCC_541\Debug\DS18x8_demo.a(CyLib.o)
 .text.CySysTickInit
                0x00000000       0x60 .\CortexM0\ARM_GCC_541\Debug\DS18x8_demo.a(CyLib.o)
 .text.CySysTickEnable
                0x00000000       0x20 .\CortexM0\ARM_GCC_541\Debug\DS18x8_demo.a(CyLib.o)
 .text.CySysTickStop
                0x00000000       0x1c .\CortexM0\ARM_GCC_541\Debug\DS18x8_demo.a(CyLib.o)
 .text.CySysTickEnableInterrupt
                0x00000000       0x1c .\CortexM0\ARM_GCC_541\Debug\DS18x8_demo.a(CyLib.o)
 .text.CySysTickDisableInterrupt
                0x00000000       0x1c .\CortexM0\ARM_GCC_541\Debug\DS18x8_demo.a(CyLib.o)
 .text.CySysTickSetReload
                0x00000000       0x20 .\CortexM0\ARM_GCC_541\Debug\DS18x8_demo.a(CyLib.o)
 .text.CySysTickGetReload
                0x00000000       0x18 .\CortexM0\ARM_GCC_541\Debug\DS18x8_demo.a(CyLib.o)
 .text.CySysTickGetValue
                0x00000000       0x18 .\CortexM0\ARM_GCC_541\Debug\DS18x8_demo.a(CyLib.o)
 .text.CySysTickSetClockSource
                0x00000000       0x34 .\CortexM0\ARM_GCC_541\Debug\DS18x8_demo.a(CyLib.o)
 .text.CySysTickGetClockSource
                0x00000000       0x18 .\CortexM0\ARM_GCC_541\Debug\DS18x8_demo.a(CyLib.o)
 .text.CySysTickGetCountFlag
                0x00000000       0x18 .\CortexM0\ARM_GCC_541\Debug\DS18x8_demo.a(CyLib.o)
 .text.CySysTickClear
                0x00000000       0x14 .\CortexM0\ARM_GCC_541\Debug\DS18x8_demo.a(CyLib.o)
 .text.CySysTickSetCallback
                0x00000000       0x2c .\CortexM0\ARM_GCC_541\Debug\DS18x8_demo.a(CyLib.o)
 .text.CySysTickGetCallback
                0x00000000       0x1c .\CortexM0\ARM_GCC_541\Debug\DS18x8_demo.a(CyLib.o)
 .text.CySysTickServiceCallbacks
                0x00000000       0x44 .\CortexM0\ARM_GCC_541\Debug\DS18x8_demo.a(CyLib.o)
 .text.CyGetUniqueId
                0x00000000       0xc0 .\CortexM0\ARM_GCC_541\Debug\DS18x8_demo.a(CyLib.o)
 .text.CySysSetRamAccessArbPriority
                0x00000000       0x38 .\CortexM0\ARM_GCC_541\Debug\DS18x8_demo.a(CyLib.o)
 .text.CySysSetFlashAccessArbPriority
                0x00000000       0x38 .\CortexM0\ARM_GCC_541\Debug\DS18x8_demo.a(CyLib.o)
 .text.CySysSetDmacAccessArbPriority
                0x00000000       0x38 .\CortexM0\ARM_GCC_541\Debug\DS18x8_demo.a(CyLib.o)
 .text.CySysSetPeripheralAccessArbPriority
                0x00000000       0xa0 .\CortexM0\ARM_GCC_541\Debug\DS18x8_demo.a(CyLib.o)
 .text          0x00000000        0x0 .\CortexM0\ARM_GCC_541\Debug\DS18x8_demo.a(UART_DEB.o)
 .data          0x00000000        0x0 .\CortexM0\ARM_GCC_541\Debug\DS18x8_demo.a(UART_DEB.o)
 .text.UART_DEB_Stop
                0x00000000       0x28 .\CortexM0\ARM_GCC_541\Debug\DS18x8_demo.a(UART_DEB.o)
 .text.UART_DEB_SetRxFifoLevel
                0x00000000       0x34 .\CortexM0\ARM_GCC_541\Debug\DS18x8_demo.a(UART_DEB.o)
 .text.UART_DEB_SetTxFifoLevel
                0x00000000       0x34 .\CortexM0\ARM_GCC_541\Debug\DS18x8_demo.a(UART_DEB.o)
 .text.UART_DEB_ScbModeStop
                0x00000000       0x10 .\CortexM0\ARM_GCC_541\Debug\DS18x8_demo.a(UART_DEB.o)
 .text          0x00000000        0x0 .\CortexM0\ARM_GCC_541\Debug\DS18x8_demo.a(UART_DEB_UART.o)
 .data          0x00000000        0x0 .\CortexM0\ARM_GCC_541\Debug\DS18x8_demo.a(UART_DEB_UART.o)
 .bss           0x00000000        0x0 .\CortexM0\ARM_GCC_541\Debug\DS18x8_demo.a(UART_DEB_UART.o)
 .text.UART_DEB_UartStop
                0x00000000       0x38 .\CortexM0\ARM_GCC_541\Debug\DS18x8_demo.a(UART_DEB_UART.o)
 .text.UART_DEB_UartSetRxAddress
                0x00000000       0x34 .\CortexM0\ARM_GCC_541\Debug\DS18x8_demo.a(UART_DEB_UART.o)
 .text.UART_DEB_UartSetRxAddressMask
                0x00000000       0x38 .\CortexM0\ARM_GCC_541\Debug\DS18x8_demo.a(UART_DEB_UART.o)
 .text.UART_DEB_UartGetChar
                0x00000000       0x40 .\CortexM0\ARM_GCC_541\Debug\DS18x8_demo.a(UART_DEB_UART.o)
 .text.UART_DEB_UartGetByte
                0x00000000       0x50 .\CortexM0\ARM_GCC_541\Debug\DS18x8_demo.a(UART_DEB_UART.o)
 .text.UART_DEB_UartSetRtsPolarity
                0x00000000       0x3c .\CortexM0\ARM_GCC_541\Debug\DS18x8_demo.a(UART_DEB_UART.o)
 .text.UART_DEB_UartSetRtsFifoLevel
                0x00000000       0x34 .\CortexM0\ARM_GCC_541\Debug\DS18x8_demo.a(UART_DEB_UART.o)
 .text.UART_DEB_UartEnableCts
                0x00000000       0x1c .\CortexM0\ARM_GCC_541\Debug\DS18x8_demo.a(UART_DEB_UART.o)
 .text.UART_DEB_UartDisableCts
                0x00000000       0x20 .\CortexM0\ARM_GCC_541\Debug\DS18x8_demo.a(UART_DEB_UART.o)
 .text.UART_DEB_UartSetCtsPolarity
                0x00000000       0x3c .\CortexM0\ARM_GCC_541\Debug\DS18x8_demo.a(UART_DEB_UART.o)
 .text.UART_DEB_UartSendBreakBlocking
                0x00000000       0x7c .\CortexM0\ARM_GCC_541\Debug\DS18x8_demo.a(UART_DEB_UART.o)
 .text          0x00000000        0x0 .\CortexM0\ARM_GCC_541\Debug\DS18x8_demo.a(CyLFClk.o)
 .data          0x00000000        0x8 .\CortexM0\ARM_GCC_541\Debug\DS18x8_demo.a(CyLFClk.o)
 .bss           0x00000000       0x28 .\CortexM0\ARM_GCC_541\Debug\DS18x8_demo.a(CyLFClk.o)
 .rodata        0x00000000        0xc .\CortexM0\ARM_GCC_541\Debug\DS18x8_demo.a(CyLFClk.o)
 .text.CySysClkIloStart
                0x00000000       0x1c .\CortexM0\ARM_GCC_541\Debug\DS18x8_demo.a(CyLFClk.o)
 .text.CySysClkIloStop
                0x00000000       0x60 .\CortexM0\ARM_GCC_541\Debug\DS18x8_demo.a(CyLFClk.o)
 .text.CySysClkIloStartMeasurement
                0x00000000       0x6c .\CortexM0\ARM_GCC_541\Debug\DS18x8_demo.a(CyLFClk.o)
 .text.CySysClkIloStopMeasurement
                0x00000000       0x20 .\CortexM0\ARM_GCC_541\Debug\DS18x8_demo.a(CyLFClk.o)
 .text.CySysClkIloCompensate
                0x00000000      0x158 .\CortexM0\ARM_GCC_541\Debug\DS18x8_demo.a(CyLFClk.o)
 .text.CySysClkIloEnabled
                0x00000000       0x1c .\CortexM0\ARM_GCC_541\Debug\DS18x8_demo.a(CyLFClk.o)
 .text.CySysClkIloTrim
                0x00000000      0x124 .\CortexM0\ARM_GCC_541\Debug\DS18x8_demo.a(CyLFClk.o)
 .text.CySysClkIloUpdateTrimReg
                0x00000000       0xfc .\CortexM0\ARM_GCC_541\Debug\DS18x8_demo.a(CyLFClk.o)
 .text.CySysClkIloRestoreFactoryTrim
                0x00000000       0x4c .\CortexM0\ARM_GCC_541\Debug\DS18x8_demo.a(CyLFClk.o)
 .text.CySysClkGetLfclkSource
                0x00000000       0x20 .\CortexM0\ARM_GCC_541\Debug\DS18x8_demo.a(CyLFClk.o)
 .text.CySysClkSetLfclkSource
                0x00000000       0x54 .\CortexM0\ARM_GCC_541\Debug\DS18x8_demo.a(CyLFClk.o)
 .text.CySysClkWcoStop
                0x00000000       0x60 .\CortexM0\ARM_GCC_541\Debug\DS18x8_demo.a(CyLFClk.o)
 .text.CySysClkWcoEnabled
                0x00000000       0x1c .\CortexM0\ARM_GCC_541\Debug\DS18x8_demo.a(CyLFClk.o)
 .text.CySysClkWcoClockOutSelect
                0x00000000       0x40 .\CortexM0\ARM_GCC_541\Debug\DS18x8_demo.a(CyLFClk.o)
 .text.CySysWdtLock
                0x00000000       0x34 .\CortexM0\ARM_GCC_541\Debug\DS18x8_demo.a(CyLFClk.o)
 .text.CySysWdtLocked
                0x00000000       0x20 .\CortexM0\ARM_GCC_541\Debug\DS18x8_demo.a(CyLFClk.o)
 .text.CySysWdtUnlock
                0x00000000       0x50 .\CortexM0\ARM_GCC_541\Debug\DS18x8_demo.a(CyLFClk.o)
 .text.CySysWdtGetEnabledStatus
                0x00000000       0x34 .\CortexM0\ARM_GCC_541\Debug\DS18x8_demo.a(CyLFClk.o)
 .text.CySysWdtSetMode
                0x00000000       0x5c .\CortexM0\ARM_GCC_541\Debug\DS18x8_demo.a(CyLFClk.o)
 .text.CySysWdtGetMode
                0x00000000       0x24 .\CortexM0\ARM_GCC_541\Debug\DS18x8_demo.a(CyLFClk.o)
 .text.CySysWdtSetClearOnMatch
                0x00000000       0x6c .\CortexM0\ARM_GCC_541\Debug\DS18x8_demo.a(CyLFClk.o)
 .text.CySysWdtGetClearOnMatch
                0x00000000       0x44 .\CortexM0\ARM_GCC_541\Debug\DS18x8_demo.a(CyLFClk.o)
 .text.CySysWdtEnable
                0x00000000       0x60 .\CortexM0\ARM_GCC_541\Debug\DS18x8_demo.a(CyLFClk.o)
 .text.CySysWdtDisable
                0x00000000       0x6c .\CortexM0\ARM_GCC_541\Debug\DS18x8_demo.a(CyLFClk.o)
 .text.CySysWdtSetCascade
                0x00000000       0x58 .\CortexM0\ARM_GCC_541\Debug\DS18x8_demo.a(CyLFClk.o)
 .text.CySysWdtGetCascade
                0x00000000       0x1c .\CortexM0\ARM_GCC_541\Debug\DS18x8_demo.a(CyLFClk.o)
 .text.CySysWdtSetMatch
                0x00000000       0x90 .\CortexM0\ARM_GCC_541\Debug\DS18x8_demo.a(CyLFClk.o)
 .text.CySysWdtSetToggleBit
                0x00000000       0x48 .\CortexM0\ARM_GCC_541\Debug\DS18x8_demo.a(CyLFClk.o)
 .text.CySysWdtGetToggleBit
                0x00000000       0x18 .\CortexM0\ARM_GCC_541\Debug\DS18x8_demo.a(CyLFClk.o)
 .text.CySysWdtGetMatch
                0x00000000       0x40 .\CortexM0\ARM_GCC_541\Debug\DS18x8_demo.a(CyLFClk.o)
 .text.CySysWdtGetCount
                0x00000000       0x54 .\CortexM0\ARM_GCC_541\Debug\DS18x8_demo.a(CyLFClk.o)
 .text.CySysWdtGetInterruptSource
                0x00000000       0x1c .\CortexM0\ARM_GCC_541\Debug\DS18x8_demo.a(CyLFClk.o)
 .text.CySysWdtClearInterrupt
                0x00000000       0x70 .\CortexM0\ARM_GCC_541\Debug\DS18x8_demo.a(CyLFClk.o)
 .text.CySysWdtResetCounters
                0x00000000       0x34 .\CortexM0\ARM_GCC_541\Debug\DS18x8_demo.a(CyLFClk.o)
 .text.CySysWdtSetInterruptCallback
                0x00000000       0x40 .\CortexM0\ARM_GCC_541\Debug\DS18x8_demo.a(CyLFClk.o)
 .text.CySysWdtGetInterruptCallback
                0x00000000       0x34 .\CortexM0\ARM_GCC_541\Debug\DS18x8_demo.a(CyLFClk.o)
 .text.CySysWdtEnableCounterIsr
                0x00000000       0x50 .\CortexM0\ARM_GCC_541\Debug\DS18x8_demo.a(CyLFClk.o)
 .text.CySysWdtDisableCounterIsr
                0x00000000       0x3c .\CortexM0\ARM_GCC_541\Debug\DS18x8_demo.a(CyLFClk.o)
 .text.CySysWdtIsr
                0x00000000       0xec .\CortexM0\ARM_GCC_541\Debug\DS18x8_demo.a(CyLFClk.o)
 .text.CySysWatchdogFeed
                0x00000000       0x8c .\CortexM0\ARM_GCC_541\Debug\DS18x8_demo.a(CyLFClk.o)
 .text.CySysClkLfclkPosedgeCatch
                0x00000000       0x98 .\CortexM0\ARM_GCC_541\Debug\DS18x8_demo.a(CyLFClk.o)
 .text.CySysClkLfclkPosedgeRestore
                0x00000000       0x3c .\CortexM0\ARM_GCC_541\Debug\DS18x8_demo.a(CyLFClk.o)
 .text.CySysTimerDelay
                0x00000000       0x68 .\CortexM0\ARM_GCC_541\Debug\DS18x8_demo.a(CyLFClk.o)
 .text.CySysTimerDelayUntilMatch
                0x00000000       0xb0 .\CortexM0\ARM_GCC_541\Debug\DS18x8_demo.a(CyLFClk.o)
 .data          0x00000000        0x0 .\CortexM0\ARM_GCC_541\Debug\DS18x8_demo.a(CyBootAsmGnu.o)
 .bss           0x00000000        0x0 .\CortexM0\ARM_GCC_541\Debug\DS18x8_demo.a(CyBootAsmGnu.o)
 .text          0x00000000        0x0 .\CortexM0\ARM_GCC_541\Debug\DS18x8_demo.a(UART_DEB_SPI_UART.o)
 .data          0x00000000        0x0 .\CortexM0\ARM_GCC_541\Debug\DS18x8_demo.a(UART_DEB_SPI_UART.o)
 .bss           0x00000000        0x0 .\CortexM0\ARM_GCC_541\Debug\DS18x8_demo.a(UART_DEB_SPI_UART.o)
 .text.UART_DEB_SpiUartReadRxData
                0x00000000       0x20 .\CortexM0\ARM_GCC_541\Debug\DS18x8_demo.a(UART_DEB_SPI_UART.o)
 .text.UART_DEB_SpiUartGetRxBufferSize
                0x00000000       0x20 .\CortexM0\ARM_GCC_541\Debug\DS18x8_demo.a(UART_DEB_SPI_UART.o)
 .text.UART_DEB_SpiUartClearRxBuffer
                0x00000000       0x2c .\CortexM0\ARM_GCC_541\Debug\DS18x8_demo.a(UART_DEB_SPI_UART.o)
 .text.UART_DEB_SpiUartPutArray
                0x00000000       0x34 .\CortexM0\ARM_GCC_541\Debug\DS18x8_demo.a(UART_DEB_SPI_UART.o)
 .text.UART_DEB_SpiUartGetTxBufferSize
                0x00000000       0x20 .\CortexM0\ARM_GCC_541\Debug\DS18x8_demo.a(UART_DEB_SPI_UART.o)
 .text.UART_DEB_SpiUartClearTxBuffer
                0x00000000       0x2c .\CortexM0\ARM_GCC_541\Debug\DS18x8_demo.a(UART_DEB_SPI_UART.o)
 .text.UART_DEB_SpiUartDisableIntRx
                0x00000000       0x20 .\CortexM0\ARM_GCC_541\Debug\DS18x8_demo.a(UART_DEB_SPI_UART.o)
 .text.UART_DEB_SpiUartDisableIntTx
                0x00000000       0x20 .\CortexM0\ARM_GCC_541\Debug\DS18x8_demo.a(UART_DEB_SPI_UART.o)
 .text          0x00000000      0x114 c:/program files (x86)/cypress/psoc creator/4.2/psoc creator/import/gnu/arm/5.4.1/bin/../lib/gcc/arm-none-eabi/5.4.1/armv6-m\libgcc.a(_udivsi3.o)
 .data          0x00000000        0x0 c:/program files (x86)/cypress/psoc creator/4.2/psoc creator/import/gnu/arm/5.4.1/bin/../lib/gcc/arm-none-eabi/5.4.1/armv6-m\libgcc.a(_udivsi3.o)
 .bss           0x00000000        0x0 c:/program files (x86)/cypress/psoc creator/4.2/psoc creator/import/gnu/arm/5.4.1/bin/../lib/gcc/arm-none-eabi/5.4.1/armv6-m\libgcc.a(_udivsi3.o)
 .data          0x00000000        0x0 c:/program files (x86)/cypress/psoc creator/4.2/psoc creator/import/gnu/arm/5.4.1/bin/../lib/gcc/arm-none-eabi/5.4.1/armv6-m\libgcc.a(_divsi3.o)
 .bss           0x00000000        0x0 c:/program files (x86)/cypress/psoc creator/4.2/psoc creator/import/gnu/arm/5.4.1/bin/../lib/gcc/arm-none-eabi/5.4.1/armv6-m\libgcc.a(_divsi3.o)
 .data          0x00000000        0x0 c:/program files (x86)/cypress/psoc creator/4.2/psoc creator/import/gnu/arm/5.4.1/bin/../lib/gcc/arm-none-eabi/5.4.1/armv6-m\libgcc.a(_dvmd_tls.o)
 .bss           0x00000000        0x0 c:/program files (x86)/cypress/psoc creator/4.2/psoc creator/import/gnu/arm/5.4.1/bin/../lib/gcc/arm-none-eabi/5.4.1/armv6-m\libgcc.a(_dvmd_tls.o)
 .text          0x00000000      0x228 c:/program files (x86)/cypress/psoc creator/4.2/psoc creator/import/gnu/arm/5.4.1/bin/../lib/gcc/arm-none-eabi/5.4.1/armv6-m\libgcc.a(mulsf3.o)
 .data          0x00000000        0x0 c:/program files (x86)/cypress/psoc creator/4.2/psoc creator/import/gnu/arm/5.4.1/bin/../lib/gcc/arm-none-eabi/5.4.1/armv6-m\libgcc.a(mulsf3.o)
 .bss           0x00000000        0x0 c:/program files (x86)/cypress/psoc creator/4.2/psoc creator/import/gnu/arm/5.4.1/bin/../lib/gcc/arm-none-eabi/5.4.1/armv6-m\libgcc.a(mulsf3.o)
 .rodata        0x00000000       0x40 c:/program files (x86)/cypress/psoc creator/4.2/psoc creator/import/gnu/arm/5.4.1/bin/../lib/gcc/arm-none-eabi/5.4.1/armv6-m\libgcc.a(mulsf3.o)
 .text          0x00000000       0x90 c:/program files (x86)/cypress/psoc creator/4.2/psoc creator/import/gnu/arm/5.4.1/bin/../lib/gcc/arm-none-eabi/5.4.1/armv6-m\libgcc.a(floatsisf.o)
 .data          0x00000000        0x0 c:/program files (x86)/cypress/psoc creator/4.2/psoc creator/import/gnu/arm/5.4.1/bin/../lib/gcc/arm-none-eabi/5.4.1/armv6-m\libgcc.a(floatsisf.o)
 .bss           0x00000000        0x0 c:/program files (x86)/cypress/psoc creator/4.2/psoc creator/import/gnu/arm/5.4.1/bin/../lib/gcc/arm-none-eabi/5.4.1/armv6-m\libgcc.a(floatsisf.o)
 .text          0x00000000       0x3c c:/program files (x86)/cypress/psoc creator/4.2/psoc creator/import/gnu/arm/5.4.1/bin/../lib/gcc/arm-none-eabi/5.4.1/armv6-m\libgcc.a(_clzsi2.o)
 .data          0x00000000        0x0 c:/program files (x86)/cypress/psoc creator/4.2/psoc creator/import/gnu/arm/5.4.1/bin/../lib/gcc/arm-none-eabi/5.4.1/armv6-m\libgcc.a(_clzsi2.o)
 .bss           0x00000000        0x0 c:/program files (x86)/cypress/psoc creator/4.2/psoc creator/import/gnu/arm/5.4.1/bin/../lib/gcc/arm-none-eabi/5.4.1/armv6-m\libgcc.a(_clzsi2.o)
 .text          0x00000000        0x0 c:/program files (x86)/cypress/psoc creator/4.2/psoc creator/import/gnu/arm/5.4.1/bin/../lib/gcc/arm-none-eabi/5.4.1/../../../../arm-none-eabi/lib/armv6-m\libg_nano.a(lib_a-errno.o)
 .data          0x00000000        0x0 c:/program files (x86)/cypress/psoc creator/4.2/psoc creator/import/gnu/arm/5.4.1/bin/../lib/gcc/arm-none-eabi/5.4.1/../../../../arm-none-eabi/lib/armv6-m\libg_nano.a(lib_a-errno.o)
 .bss           0x00000000        0x0 c:/program files (x86)/cypress/psoc creator/4.2/psoc creator/import/gnu/arm/5.4.1/bin/../lib/gcc/arm-none-eabi/5.4.1/../../../../arm-none-eabi/lib/armv6-m\libg_nano.a(lib_a-errno.o)
 .text          0x00000000        0x0 c:/program files (x86)/cypress/psoc creator/4.2/psoc creator/import/gnu/arm/5.4.1/bin/../lib/gcc/arm-none-eabi/5.4.1/../../../../arm-none-eabi/lib/armv6-m\libg_nano.a(lib_a-exit.o)
 .data          0x00000000        0x0 c:/program files (x86)/cypress/psoc creator/4.2/psoc creator/import/gnu/arm/5.4.1/bin/../lib/gcc/arm-none-eabi/5.4.1/../../../../arm-none-eabi/lib/armv6-m\libg_nano.a(lib_a-exit.o)
 .bss           0x00000000        0x0 c:/program files (x86)/cypress/psoc creator/4.2/psoc creator/import/gnu/arm/5.4.1/bin/../lib/gcc/arm-none-eabi/5.4.1/../../../../arm-none-eabi/lib/armv6-m\libg_nano.a(lib_a-exit.o)
 .text.exit     0x00000000       0x2c c:/program files (x86)/cypress/psoc creator/4.2/psoc creator/import/gnu/arm/5.4.1/bin/../lib/gcc/arm-none-eabi/5.4.1/../../../../arm-none-eabi/lib/armv6-m\libg_nano.a(lib_a-exit.o)
 .text          0x00000000        0x0 c:/program files (x86)/cypress/psoc creator/4.2/psoc creator/import/gnu/arm/5.4.1/bin/../lib/gcc/arm-none-eabi/5.4.1/../../../../arm-none-eabi/lib/armv6-m\libg_nano.a(lib_a-impure.o)
 .data          0x00000000        0x0 c:/program files (x86)/cypress/psoc creator/4.2/psoc creator/import/gnu/arm/5.4.1/bin/../lib/gcc/arm-none-eabi/5.4.1/../../../../arm-none-eabi/lib/armv6-m\libg_nano.a(lib_a-impure.o)
 .bss           0x00000000        0x0 c:/program files (x86)/cypress/psoc creator/4.2/psoc creator/import/gnu/arm/5.4.1/bin/../lib/gcc/arm-none-eabi/5.4.1/../../../../arm-none-eabi/lib/armv6-m\libg_nano.a(lib_a-impure.o)
 .rodata._global_impure_ptr
                0x00000000        0x4 c:/program files (x86)/cypress/psoc creator/4.2/psoc creator/import/gnu/arm/5.4.1/bin/../lib/gcc/arm-none-eabi/5.4.1/../../../../arm-none-eabi/lib/armv6-m\libg_nano.a(lib_a-impure.o)
 .text          0x00000000        0x0 c:/program files (x86)/cypress/psoc creator/4.2/psoc creator/import/gnu/arm/5.4.1/bin/../lib/gcc/arm-none-eabi/5.4.1/../../../../arm-none-eabi/lib/armv6-m\libg_nano.a(lib_a-init.o)
 .data          0x00000000        0x0 c:/program files (x86)/cypress/psoc creator/4.2/psoc creator/import/gnu/arm/5.4.1/bin/../lib/gcc/arm-none-eabi/5.4.1/../../../../arm-none-eabi/lib/armv6-m\libg_nano.a(lib_a-init.o)
 .bss           0x00000000        0x0 c:/program files (x86)/cypress/psoc creator/4.2/psoc creator/import/gnu/arm/5.4.1/bin/../lib/gcc/arm-none-eabi/5.4.1/../../../../arm-none-eabi/lib/armv6-m\libg_nano.a(lib_a-init.o)
 .text          0x00000000        0x0 c:/program files (x86)/cypress/psoc creator/4.2/psoc creator/import/gnu/arm/5.4.1/bin/../lib/gcc/arm-none-eabi/5.4.1/../../../../arm-none-eabi/lib/armv6-m\libg_nano.a(lib_a-memcpy-stub.o)
 .data          0x00000000        0x0 c:/program files (x86)/cypress/psoc creator/4.2/psoc creator/import/gnu/arm/5.4.1/bin/../lib/gcc/arm-none-eabi/5.4.1/../../../../arm-none-eabi/lib/armv6-m\libg_nano.a(lib_a-memcpy-stub.o)
 .bss           0x00000000        0x0 c:/program files (x86)/cypress/psoc creator/4.2/psoc creator/import/gnu/arm/5.4.1/bin/../lib/gcc/arm-none-eabi/5.4.1/../../../../arm-none-eabi/lib/armv6-m\libg_nano.a(lib_a-memcpy-stub.o)
 .text          0x00000000        0x0 c:/program files (x86)/cypress/psoc creator/4.2/psoc creator/import/gnu/arm/5.4.1/bin/../lib/gcc/arm-none-eabi/5.4.1/../../../../arm-none-eabi/lib/armv6-m\libg_nano.a(lib_a-memset.o)
 .data          0x00000000        0x0 c:/program files (x86)/cypress/psoc creator/4.2/psoc creator/import/gnu/arm/5.4.1/bin/../lib/gcc/arm-none-eabi/5.4.1/../../../../arm-none-eabi/lib/armv6-m\libg_nano.a(lib_a-memset.o)
 .bss           0x00000000        0x0 c:/program files (x86)/cypress/psoc creator/4.2/psoc creator/import/gnu/arm/5.4.1/bin/../lib/gcc/arm-none-eabi/5.4.1/../../../../arm-none-eabi/lib/armv6-m\libg_nano.a(lib_a-memset.o)
 .text          0x00000000        0x0 c:/program files (x86)/cypress/psoc creator/4.2/psoc creator/import/gnu/arm/5.4.1/bin/../lib/gcc/arm-none-eabi/5.4.1/../../../../arm-none-eabi/lib/armv6-m\libg_nano.a(lib_a-strcat.o)
 .data          0x00000000        0x0 c:/program files (x86)/cypress/psoc creator/4.2/psoc creator/import/gnu/arm/5.4.1/bin/../lib/gcc/arm-none-eabi/5.4.1/../../../../arm-none-eabi/lib/armv6-m\libg_nano.a(lib_a-strcat.o)
 .bss           0x00000000        0x0 c:/program files (x86)/cypress/psoc creator/4.2/psoc creator/import/gnu/arm/5.4.1/bin/../lib/gcc/arm-none-eabi/5.4.1/../../../../arm-none-eabi/lib/armv6-m\libg_nano.a(lib_a-strcat.o)
 .data          0x00000000        0x0 c:/program files (x86)/cypress/psoc creator/4.2/psoc creator/import/gnu/arm/5.4.1/bin/../lib/gcc/arm-none-eabi/5.4.1/../../../../arm-none-eabi/lib/armv6-m\libg_nano.a(lib_a-strlen.o)
 .bss           0x00000000        0x0 c:/program files (x86)/cypress/psoc creator/4.2/psoc creator/import/gnu/arm/5.4.1/bin/../lib/gcc/arm-none-eabi/5.4.1/../../../../arm-none-eabi/lib/armv6-m\libg_nano.a(lib_a-strlen.o)
 .text          0x00000000        0x0 c:/program files (x86)/cypress/psoc creator/4.2/psoc creator/import/gnu/arm/5.4.1/bin/../lib/gcc/arm-none-eabi/5.4.1/armv6-m/crtend.o
 .data          0x00000000        0x0 c:/program files (x86)/cypress/psoc creator/4.2/psoc creator/import/gnu/arm/5.4.1/bin/../lib/gcc/arm-none-eabi/5.4.1/armv6-m/crtend.o
 .bss           0x00000000        0x0 c:/program files (x86)/cypress/psoc creator/4.2/psoc creator/import/gnu/arm/5.4.1/bin/../lib/gcc/arm-none-eabi/5.4.1/armv6-m/crtend.o
 .text          0x00000000        0x0 c:/program files (x86)/cypress/psoc creator/4.2/psoc creator/import/gnu/arm/5.4.1/bin/../lib/gcc/arm-none-eabi/5.4.1/armv6-m/crtn.o
 .data          0x00000000        0x0 c:/program files (x86)/cypress/psoc creator/4.2/psoc creator/import/gnu/arm/5.4.1/bin/../lib/gcc/arm-none-eabi/5.4.1/armv6-m/crtn.o
 .bss           0x00000000        0x0 c:/program files (x86)/cypress/psoc creator/4.2/psoc creator/import/gnu/arm/5.4.1/bin/../lib/gcc/arm-none-eabi/5.4.1/armv6-m/crtn.o

Memory Configuration

Name             Origin             Length             Attributes
rom              0x00000000         0x00040000         xr
ram              0x20000000         0x00008000         xrw
*default*        0x00000000         0xffffffff

Linker script and memory map

LOAD c:/program files (x86)/cypress/psoc creator/4.2/psoc creator/import/gnu/arm/5.4.1/bin/../lib/gcc/arm-none-eabi/5.4.1/armv6-m/crti.o
LOAD c:/program files (x86)/cypress/psoc creator/4.2/psoc creator/import/gnu/arm/5.4.1/bin/../lib/gcc/arm-none-eabi/5.4.1/armv6-m/crtbegin.o
LOAD c:/program files (x86)/cypress/psoc creator/4.2/psoc creator/import/gnu/arm/5.4.1/bin/../lib/gcc/arm-none-eabi/5.4.1/../../../../arm-none-eabi/lib/armv6-m/crt0.o
START GROUP
LOAD .\CortexM0\ARM_GCC_541\Debug\main.o
LOAD .\CortexM0\ARM_GCC_541\Debug\cyfitter_cfg.o
LOAD .\CortexM0\ARM_GCC_541\Debug\cymetadata.o
LOAD .\CortexM0\ARM_GCC_541\Debug\Cm0Start.o
LOAD .\CortexM0\ARM_GCC_541\Debug\DS18x8_demo.a
END GROUP
START GROUP
LOAD c:/program files (x86)/cypress/psoc creator/4.2/psoc creator/import/gnu/arm/5.4.1/bin/../lib/gcc/arm-none-eabi/5.4.1/armv6-m\libgcc.a
LOAD c:/program files (x86)/cypress/psoc creator/4.2/psoc creator/import/gnu/arm/5.4.1/bin/../lib/gcc/arm-none-eabi/5.4.1/../../../../arm-none-eabi/lib/armv6-m\libg_nano.a
LOAD c:/program files (x86)/cypress/psoc creator/4.2/psoc creator/import/gnu/arm/5.4.1/bin/../lib/gcc/arm-none-eabi/5.4.1/../../../../arm-none-eabi/lib/armv6-m\libc_nano.a
END GROUP
START GROUP
LOAD c:/program files (x86)/cypress/psoc creator/4.2/psoc creator/import/gnu/arm/5.4.1/bin/../lib/gcc/arm-none-eabi/5.4.1/armv6-m\libgcc.a
LOAD c:/program files (x86)/cypress/psoc creator/4.2/psoc creator/import/gnu/arm/5.4.1/bin/../lib/gcc/arm-none-eabi/5.4.1/../../../../arm-none-eabi/lib/armv6-m\libc_nano.a
END GROUP
LOAD c:/program files (x86)/cypress/psoc creator/4.2/psoc creator/import/gnu/arm/5.4.1/bin/../lib/gcc/arm-none-eabi/5.4.1/armv6-m/crtend.o
LOAD c:/program files (x86)/cypress/psoc creator/4.2/psoc creator/import/gnu/arm/5.4.1/bin/../lib/gcc/arm-none-eabi/5.4.1/armv6-m/crtn.o
START GROUP
LOAD c:/program files (x86)/cypress/psoc creator/4.2/psoc creator/import/gnu/arm/5.4.1/bin/../lib/gcc/arm-none-eabi/5.4.1/armv6-m\libgcc.a
LOAD c:/program files (x86)/cypress/psoc creator/4.2/psoc creator/import/gnu/arm/5.4.1/bin/../lib/gcc/arm-none-eabi/5.4.1/../../../../arm-none-eabi/lib/armv6-m\libc.a
LOAD c:/program files (x86)/cypress/psoc creator/4.2/psoc creator/import/gnu/arm/5.4.1/bin/../lib/gcc/arm-none-eabi/5.4.1/../../../../arm-none-eabi/lib/armv6-m\libnosys.a
END GROUP
                0x00000000                CY_APPL_ORIGIN = 0x0
                0x00000100                CY_FLASH_ROW_SIZE = 0x100
                0x00000001                CY_APPL_NUM = 0x1
                0x00000001                CY_APPL_MAX = 0x1
                0x00000040                CY_METADATA_SIZE = 0x40
                0x00000000                CY_APPL_LOADABLE = 0x0
                0x00000000                CY_CHECKSUM_EXCLUDE_SIZE = ALIGN (0x0, CY_FLASH_ROW_SIZE)
                0x00000000                CY_APP_FOR_STACK_AND_COPIER = 0x0
                [!provide]                PROVIDE (__cy_heap_start, _end)
                0x00000001                PROVIDE (__cy_region_num, ((__cy_regions_end - __cy_regions) / 0x10))
                0x20008000                PROVIDE (__cy_stack, (ORIGIN (ram) + LENGTH (ram)))
                [!provide]                PROVIDE (__cy_heap_end, (__cy_stack - 0x4000))

.cybootloader   0x00000000        0x0
 *(.cybootloader)
                0x00000000                appl1_start = CY_APPL_ORIGIN?CY_APPL_ORIGIN:ALIGN (CY_FLASH_ROW_SIZE)
                0x0001ff00                appl2_start = (appl1_start + ALIGN ((((LENGTH (rom) - appl1_start) - (0x2 * CY_FLASH_ROW_SIZE)) / 0x2), CY_FLASH_ROW_SIZE))
                0x00000000                appl_start = (CY_APPL_NUM == 0x1)?appl1_start:appl2_start
                0x00000001                cy_project_type_bootloader = (appl_start == 0x0)?0x1:0x0
                0x00000000                cy_project_type_app_for_stack_and_copier = (CY_APP_FOR_STACK_AND_COPIER == 0x1)?0x1:0x0

.text           0x00000000     0x18a6
 CREATE_OBJECT_SYMBOLS
                0x00000000                PROVIDE (__cy_interrupt_vector, RomVectors)
 *(.romvectors)
 .romvectors    0x00000000       0x10 .\CortexM0\ARM_GCC_541\Debug\Cm0Start.o
                0x00000000                RomVectors
                0x00000001                ASSERT ((. != __cy_interrupt_vector), No interrupt vector)
                0x00000001                ASSERT (CY_APPL_ORIGIN?(SIZEOF (.cybootloader) <= CY_APPL_ORIGIN):0x1, Wrong image location)
                0x00000010                PROVIDE (__cy_reset, Reset)
 *(.text.Reset)
 .text.Reset    0x00000010        0x8 .\CortexM0\ARM_GCC_541\Debug\Cm0Start.o
                0x00000010                Reset
                0x00000001                ASSERT ((. != __cy_reset), No reset code)
 *(.psocinit)
 .psocinit      0x00000018      0x33c .\CortexM0\ARM_GCC_541\Debug\cyfitter_cfg.o
                0x00000134                cyfitter_cfg
                0x00000354                . = MAX (., 0x100)
 *(.text .text.* .gnu.linkonce.t.*)
 .text          0x00000354       0x60 c:/program files (x86)/cypress/psoc creator/4.2/psoc creator/import/gnu/arm/5.4.1/bin/../lib/gcc/arm-none-eabi/5.4.1/armv6-m/crtbegin.o
 .text.isr_Timer
                0x000003b4       0x14 .\CortexM0\ARM_GCC_541\Debug\main.o
                0x000003b4                isr_Timer
 .text.Initialize
                0x000003c8       0x38 .\CortexM0\ARM_GCC_541\Debug\main.o
                0x000003c8                Initialize
 .text.main     0x00000400       0x40 .\CortexM0\ARM_GCC_541\Debug\main.o
                0x00000400                main
 .text.ReportTemperature
                0x00000440       0xb8 .\CortexM0\ARM_GCC_541\Debug\main.o
                0x00000440                ReportTemperature
 .text.CYMEMZERO
                0x000004f8       0x20 .\CortexM0\ARM_GCC_541\Debug\cyfitter_cfg.o
 .text.CYCONFIGCPYCODE
                0x00000518       0x20 .\CortexM0\ARM_GCC_541\Debug\cyfitter_cfg.o
 .text.cfg_write_bytes32
                0x00000538       0x84 .\CortexM0\ARM_GCC_541\Debug\cyfitter_cfg.o
 .text.AnalogSetDefault
                0x000005bc       0x28 .\CortexM0\ARM_GCC_541\Debug\cyfitter_cfg.o
 .text.IntDefaultHandler
                0x000005e4       0x14 .\CortexM0\ARM_GCC_541\Debug\Cm0Start.o
                0x000005e4                IntDefaultHandler
 .text.Start_c  0x000005f8       0x98 .\CortexM0\ARM_GCC_541\Debug\Cm0Start.o
                0x000005f8                Start_c
 .text.initialize_psoc
                0x00000690       0x70 .\CortexM0\ARM_GCC_541\Debug\Cm0Start.o
                0x00000690                initialize_psoc
 .text.OneWire_IRQDataReady
                0x00000700       0x14 .\CortexM0\ARM_GCC_541\Debug\DS18x8_demo.a(OneWire.o)
                0x00000700                OneWire_IRQDataReady
 .text.R_BitBus
                0x00000714       0x4c .\CortexM0\ARM_GCC_541\Debug\DS18x8_demo.a(OneWire.o)
                0x00000714                R_BitBus
 .text.W_Bit    0x00000760       0x3c .\CortexM0\ARM_GCC_541\Debug\DS18x8_demo.a(OneWire.o)
                0x00000760                W_Bit
 .text.Write8   0x0000079c       0x64 .\CortexM0\ARM_GCC_541\Debug\DS18x8_demo.a(OneWire.o)
                0x0000079c                Write8
 .text.BusReset
                0x00000800       0x98 .\CortexM0\ARM_GCC_541\Debug\DS18x8_demo.a(OneWire.o)
                0x00000800                BusReset
 .text.OneWire_SendTemperatureRequest
                0x00000898       0x48 .\CortexM0\ARM_GCC_541\Debug\DS18x8_demo.a(OneWire.o)
                0x00000898                OneWire_SendTemperatureRequest
 .text.OneWire_ReadTemperature
                0x000008e0      0x20c .\CortexM0\ARM_GCC_541\Debug\DS18x8_demo.a(OneWire.o)
                0x000008e0                OneWire_ReadTemperature
 .text.itoa10   0x00000aec       0xac .\CortexM0\ARM_GCC_541\Debug\DS18x8_demo.a(OneWire.o)
                0x00000aec                itoa10
 .text.OneWire_GetTemperatureAsString
                0x00000b98      0x104 .\CortexM0\ARM_GCC_541\Debug\DS18x8_demo.a(OneWire.o)
                0x00000b98                OneWire_GetTemperatureAsString
 .text.OneWire_Start
                0x00000c9c       0x30 .\CortexM0\ARM_GCC_541\Debug\DS18x8_demo.a(OneWire.o)
                0x00000c9c                OneWire_Start
 .text.isr_Timer_StartEx
                0x00000ccc       0x28 .\CortexM0\ARM_GCC_541\Debug\DS18x8_demo.a(isr_Timer.o)
                0x00000ccc                isr_Timer_StartEx
 .text.isr_Timer_SetVector
                0x00000cf4       0x1c .\CortexM0\ARM_GCC_541\Debug\DS18x8_demo.a(isr_Timer.o)
                0x00000cf4                isr_Timer_SetVector
 .text.isr_Timer_SetPriority
                0x00000d10       0x50 .\CortexM0\ARM_GCC_541\Debug\DS18x8_demo.a(isr_Timer.o)
                0x00000d10                isr_Timer_SetPriority
 .text.isr_Timer_Enable
                0x00000d60       0x14 .\CortexM0\ARM_GCC_541\Debug\DS18x8_demo.a(isr_Timer.o)
                0x00000d60                isr_Timer_Enable
 .text.isr_Timer_Disable
                0x00000d74       0x14 .\CortexM0\ARM_GCC_541\Debug\DS18x8_demo.a(isr_Timer.o)
                0x00000d74                isr_Timer_Disable
 .text.OneWire_ControlReg_DRV_Write
                0x00000d88       0x20 .\CortexM0\ARM_GCC_541\Debug\DS18x8_demo.a(OneWire_ControlReg_DRV.o)
                0x00000d88                OneWire_ControlReg_DRV_Write
 .text.OneWire_StatusReg_BUS_Read
                0x00000da8       0x14 .\CortexM0\ARM_GCC_541\Debug\DS18x8_demo.a(OneWire_StatusReg_BUS.o)
                0x00000da8                OneWire_StatusReg_BUS_Read
 .text.OneWire_TimerDelay_Init
                0x00000dbc       0x58 .\CortexM0\ARM_GCC_541\Debug\DS18x8_demo.a(OneWire_TimerDelay.o)
                0x00000dbc                OneWire_TimerDelay_Init
 .text.OneWire_TimerDelay_Enable
                0x00000e14       0x20 .\CortexM0\ARM_GCC_541\Debug\DS18x8_demo.a(OneWire_TimerDelay.o)
                0x00000e14                OneWire_TimerDelay_Enable
 .text.OneWire_TimerDelay_Start
                0x00000e34       0x24 .\CortexM0\ARM_GCC_541\Debug\DS18x8_demo.a(OneWire_TimerDelay.o)
                0x00000e34                OneWire_TimerDelay_Start
 .text.OneWire_TimerDelay_SetInterruptMode
                0x00000e58       0x20 .\CortexM0\ARM_GCC_541\Debug\DS18x8_demo.a(OneWire_TimerDelay.o)
                0x00000e58                OneWire_TimerDelay_SetInterruptMode
 .text.OneWire_TimerDelay_ReadStatusRegister
                0x00000e78       0x14 .\CortexM0\ARM_GCC_541\Debug\DS18x8_demo.a(OneWire_TimerDelay.o)
                0x00000e78                OneWire_TimerDelay_ReadStatusRegister
 .text.OneWire_TimerDelay_WritePeriod
                0x00000e8c       0x20 .\CortexM0\ARM_GCC_541\Debug\DS18x8_demo.a(OneWire_TimerDelay.o)
                0x00000e8c                OneWire_TimerDelay_WritePeriod
 .text.OneWire_TimerDelay_ReadCapture
                0x00000eac       0x14 .\CortexM0\ARM_GCC_541\Debug\DS18x8_demo.a(OneWire_TimerDelay.o)
                0x00000eac                OneWire_TimerDelay_ReadCapture
 .text.OneWire_TimerDelay_WriteCounter
                0x00000ec0       0x20 .\CortexM0\ARM_GCC_541\Debug\DS18x8_demo.a(OneWire_TimerDelay.o)
                0x00000ec0                OneWire_TimerDelay_WriteCounter
 .text.OneWire_TimerDelay_EnableTrigger
                0x00000ee0       0x20 .\CortexM0\ARM_GCC_541\Debug\DS18x8_demo.a(OneWire_TimerDelay.o)
                0x00000ee0                OneWire_TimerDelay_EnableTrigger
 .text.OneWire_TimerDelay_ClearFIFO
                0x00000f00       0x20 .\CortexM0\ARM_GCC_541\Debug\DS18x8_demo.a(OneWire_TimerDelay.o)
                0x00000f00                OneWire_TimerDelay_ClearFIFO
 .text.OneWire_ControlReg_SEL_Write
                0x00000f20       0x20 .\CortexM0\ARM_GCC_541\Debug\DS18x8_demo.a(OneWire_ControlReg_SEL.o)
                0x00000f20                OneWire_ControlReg_SEL_Write
 .text.OneWire_Trigger_Write
                0x00000f40       0x20 .\CortexM0\ARM_GCC_541\Debug\DS18x8_demo.a(OneWire_Trigger.o)
                0x00000f40                OneWire_Trigger_Write
 .text.OneWire_isr_DataReady_StartEx
                0x00000f60       0x28 .\CortexM0\ARM_GCC_541\Debug\DS18x8_demo.a(OneWire_isr_DataReady.o)
                0x00000f60                OneWire_isr_DataReady_StartEx
 .text.OneWire_isr_DataReady_SetVector
                0x00000f88       0x1c .\CortexM0\ARM_GCC_541\Debug\DS18x8_demo.a(OneWire_isr_DataReady.o)
                0x00000f88                OneWire_isr_DataReady_SetVector
 .text.OneWire_isr_DataReady_SetPriority
                0x00000fa4       0x50 .\CortexM0\ARM_GCC_541\Debug\DS18x8_demo.a(OneWire_isr_DataReady.o)
                0x00000fa4                OneWire_isr_DataReady_SetPriority
 .text.OneWire_isr_DataReady_Enable
                0x00000ff4       0x14 .\CortexM0\ARM_GCC_541\Debug\DS18x8_demo.a(OneWire_isr_DataReady.o)
                0x00000ff4                OneWire_isr_DataReady_Enable
 .text.OneWire_isr_DataReady_Disable
                0x00001008       0x14 .\CortexM0\ARM_GCC_541\Debug\DS18x8_demo.a(OneWire_isr_DataReady.o)
                0x00001008                OneWire_isr_DataReady_Disable
 .text.CySysClkWriteImoFreq
                0x0000101c      0x1e4 .\CortexM0\ARM_GCC_541\Debug\DS18x8_demo.a(CyLib.o)
                0x0000101c                CySysClkWriteImoFreq
 .text.CySysClkEcoStart
                0x00001200       0x74 .\CortexM0\ARM_GCC_541\Debug\DS18x8_demo.a(CyLib.o)
                0x00001200                CySysClkEcoStart
 .text.CySysClkEcoReadStatus
                0x00001274       0x20 .\CortexM0\ARM_GCC_541\Debug\DS18x8_demo.a(CyLib.o)
                0x00001274                CySysClkEcoReadStatus
 .text.CyHalt   0x00001294       0x18 .\CortexM0\ARM_GCC_541\Debug\DS18x8_demo.a(CyLib.o)
                0x00001294                CyHalt
 .text.CyDelay  0x000012ac       0x4c .\CortexM0\ARM_GCC_541\Debug\DS18x8_demo.a(CyLib.o)
                0x000012ac                CyDelay
 .text.CyDelayUs
                0x000012f8       0x28 .\CortexM0\ARM_GCC_541\Debug\DS18x8_demo.a(CyLib.o)
                0x000012f8                CyDelayUs
 .text.UART_DEB_Init
                0x00001320       0x10 .\CortexM0\ARM_GCC_541\Debug\DS18x8_demo.a(UART_DEB.o)
                0x00001320                UART_DEB_Init
 .text.UART_DEB_Enable
                0x00001330       0x24 .\CortexM0\ARM_GCC_541\Debug\DS18x8_demo.a(UART_DEB.o)
                0x00001330                UART_DEB_Enable
 .text.UART_DEB_Start
                0x00001354       0x24 .\CortexM0\ARM_GCC_541\Debug\DS18x8_demo.a(UART_DEB.o)
                0x00001354                UART_DEB_Start
 .text.UART_DEB_ScbEnableIntr
                0x00001378        0xc .\CortexM0\ARM_GCC_541\Debug\DS18x8_demo.a(UART_DEB.o)
 .text.UART_DEB_ScbModePostEnable
                0x00001384       0x10 .\CortexM0\ARM_GCC_541\Debug\DS18x8_demo.a(UART_DEB.o)
 .text.UART_DEB_UartInit
                0x00001394       0xc4 .\CortexM0\ARM_GCC_541\Debug\DS18x8_demo.a(UART_DEB_UART.o)
                0x00001394                UART_DEB_UartInit
 .text.UART_DEB_UartPostEnable
                0x00001458       0x34 .\CortexM0\ARM_GCC_541\Debug\DS18x8_demo.a(UART_DEB_UART.o)
                0x00001458                UART_DEB_UartPostEnable
 .text.UART_DEB_UartPutString
                0x0000148c       0x38 .\CortexM0\ARM_GCC_541\Debug\DS18x8_demo.a(UART_DEB_UART.o)
                0x0000148c                UART_DEB_UartPutString
 .text.UART_DEB_UartPutCRLF
                0x000014c4       0x24 .\CortexM0\ARM_GCC_541\Debug\DS18x8_demo.a(UART_DEB_UART.o)
                0x000014c4                UART_DEB_UartPutCRLF
 .text.CySysClkWcoSetHighPowerMode
                0x000014e8       0x4c .\CortexM0\ARM_GCC_541\Debug\DS18x8_demo.a(CyLFClk.o)
 .text.CySysClkWcoSetLowPowerMode
                0x00001534       0x4c .\CortexM0\ARM_GCC_541\Debug\DS18x8_demo.a(CyLFClk.o)
 .text.CySysClkWcoStart
                0x00001580       0x20 .\CortexM0\ARM_GCC_541\Debug\DS18x8_demo.a(CyLFClk.o)
                0x00001580                CySysClkWcoStart
 .text.CySysClkWcoSetPowerMode
                0x000015a0       0x40 .\CortexM0\ARM_GCC_541\Debug\DS18x8_demo.a(CyLFClk.o)
                0x000015a0                CySysClkWcoSetPowerMode
 .text          0x000015e0       0x20 .\CortexM0\ARM_GCC_541\Debug\DS18x8_demo.a(CyBootAsmGnu.o)
                0x000015e0                CyDelayCycles
                0x000015f2                CyEnterCriticalSection
                0x000015fa                CyExitCriticalSection
 .text.UART_DEB_SpiUartWriteTxData
                0x00001600       0x2c .\CortexM0\ARM_GCC_541\Debug\DS18x8_demo.a(UART_DEB_SPI_UART.o)
                0x00001600                UART_DEB_SpiUartWriteTxData
 .text          0x0000162c      0x1d4 c:/program files (x86)/cypress/psoc creator/4.2/psoc creator/import/gnu/arm/5.4.1/bin/../lib/gcc/arm-none-eabi/5.4.1/armv6-m\libgcc.a(_divsi3.o)
                0x0000162c                __divsi3
                0x0000162c                __aeabi_idiv
                0x000017f8                __aeabi_idivmod
 .text          0x00001800        0x4 c:/program files (x86)/cypress/psoc creator/4.2/psoc creator/import/gnu/arm/5.4.1/bin/../lib/gcc/arm-none-eabi/5.4.1/armv6-m\libgcc.a(_dvmd_tls.o)
                0x00001800                __aeabi_idiv0
                0x00001800                __aeabi_ldiv0
 .text.__errno  0x00001804        0xc c:/program files (x86)/cypress/psoc creator/4.2/psoc creator/import/gnu/arm/5.4.1/bin/../lib/gcc/arm-none-eabi/5.4.1/../../../../arm-none-eabi/lib/armv6-m\libg_nano.a(lib_a-errno.o)
                0x00001804                __errno
 .text.__libc_init_array
                0x00001810       0x4c c:/program files (x86)/cypress/psoc creator/4.2/psoc creator/import/gnu/arm/5.4.1/bin/../lib/gcc/arm-none-eabi/5.4.1/../../../../arm-none-eabi/lib/armv6-m\libg_nano.a(lib_a-init.o)
                0x00001810                __libc_init_array
 .text.memcpy   0x0000185c       0x12 c:/program files (x86)/cypress/psoc creator/4.2/psoc creator/import/gnu/arm/5.4.1/bin/../lib/gcc/arm-none-eabi/5.4.1/../../../../arm-none-eabi/lib/armv6-m\libg_nano.a(lib_a-memcpy-stub.o)
                0x0000185c                memcpy
 .text.memset   0x0000186e       0x10 c:/program files (x86)/cypress/psoc creator/4.2/psoc creator/import/gnu/arm/5.4.1/bin/../lib/gcc/arm-none-eabi/5.4.1/../../../../arm-none-eabi/lib/armv6-m\libg_nano.a(lib_a-memset.o)
                0x0000186e                memset
 .text.strcat   0x0000187e       0x1a c:/program files (x86)/cypress/psoc creator/4.2/psoc creator/import/gnu/arm/5.4.1/bin/../lib/gcc/arm-none-eabi/5.4.1/../../../../arm-none-eabi/lib/armv6-m\libg_nano.a(lib_a-strcat.o)
                0x0000187e                strcat
 .text          0x00001898        0xe c:/program files (x86)/cypress/psoc creator/4.2/psoc creator/import/gnu/arm/5.4.1/bin/../lib/gcc/arm-none-eabi/5.4.1/../../../../arm-none-eabi/lib/armv6-m\libg_nano.a(lib_a-strlen.o)
                0x00001898                strlen
 *(.plt)
 *(.gnu.warning)
 *(.glue_7t)
 .glue_7t       0x000018a6        0x0 linker stubs
 *(.glue_7)
 .glue_7        0x000018a6        0x0 linker stubs
 *(.vfp11_veneer)
 .vfp11_veneer  0x000018a6        0x0 linker stubs
 *(.bootloader)
 *(.ARM.extab* .gnu.linkonce.armextab.*)
 *(.gcc_except_table)

.v4_bx          0x000018a8        0x0
 .v4_bx         0x000018a8        0x0 linker stubs

.iplt           0x000018a8        0x0
 .iplt          0x000018a8        0x0 c:/program files (x86)/cypress/psoc creator/4.2/psoc creator/import/gnu/arm/5.4.1/bin/../lib/gcc/arm-none-eabi/5.4.1/armv6-m/crtbegin.o

.eh_frame_hdr
 *(.eh_frame_hdr)

.eh_frame       0x000018a8        0x4
 *(.eh_frame)
 .eh_frame      0x000018a8        0x0 c:/program files (x86)/cypress/psoc creator/4.2/psoc creator/import/gnu/arm/5.4.1/bin/../lib/gcc/arm-none-eabi/5.4.1/armv6-m/crtbegin.o
 .eh_frame      0x000018a8        0x4 c:/program files (x86)/cypress/psoc creator/4.2/psoc creator/import/gnu/arm/5.4.1/bin/../lib/gcc/arm-none-eabi/5.4.1/armv6-m/crtend.o
                [!provide]                PROVIDE (__exidx_start, .)

.ARM.exidx
 *(.ARM.exidx* .gnu.linkonce.armexidx.*)
                0x000018ac                __exidx_end = .

.rodata         0x000018ac      0x3a4
 *(.rodata .rodata.* .gnu.linkonce.r.*)
 .rodata        0x000018ac       0x26 .\CortexM0\ARM_GCC_541\Debug\main.o
 *fill*         0x000018d2        0x2 
 .rodata        0x000018d4      0x2c0 .\CortexM0\ARM_GCC_541\Debug\cyfitter_cfg.o
 .rodata        0x00001b94       0x58 .\CortexM0\ARM_GCC_541\Debug\DS18x8_demo.a(OneWire.o)
 .rodata        0x00001bec       0x2e .\CortexM0\ARM_GCC_541\Debug\DS18x8_demo.a(CyLib.o)
                0x00001bec                cyImoFreqMhz2Reg
 .rodata.str1.1
                0x00001c1a        0x2 c:/program files (x86)/cypress/psoc creator/4.2/psoc creator/import/gnu/arm/5.4.1/bin/../lib/gcc/arm-none-eabi/5.4.1/../../../../arm-none-eabi/lib/armv6-m\libg_nano.a(lib_a-impure.o)
                0x00001c1c                . = ALIGN (0x4)
 *(.init)
 .init          0x00001c1c        0x4 c:/program files (x86)/cypress/psoc creator/4.2/psoc creator/import/gnu/arm/5.4.1/bin/../lib/gcc/arm-none-eabi/5.4.1/armv6-m/crti.o
                0x00001c1c                _init
 .init          0x00001c20        0x8 c:/program files (x86)/cypress/psoc creator/4.2/psoc creator/import/gnu/arm/5.4.1/bin/../lib/gcc/arm-none-eabi/5.4.1/armv6-m/crtn.o
                0x00001c28                . = ALIGN (0x4)
                0x00001c28                __preinit_array_start = .
 *(.preinit_array)
                0x00001c28                __preinit_array_end = .
                0x00001c28                . = ALIGN (0x4)
                0x00001c28                __init_array_start = .
 *(SORT(.init_array.*))
 *(.init_array)
 .init_array    0x00001c28        0x4 c:/program files (x86)/cypress/psoc creator/4.2/psoc creator/import/gnu/arm/5.4.1/bin/../lib/gcc/arm-none-eabi/5.4.1/armv6-m/crtbegin.o
 .init_array    0x00001c2c        0x4 .\CortexM0\ARM_GCC_541\Debug\Cm0Start.o
                0x00001c30                __init_array_end = .
                0x00001c30                . = ALIGN (0x4)
 *(.fini)
 .fini          0x00001c30        0x4 c:/program files (x86)/cypress/psoc creator/4.2/psoc creator/import/gnu/arm/5.4.1/bin/../lib/gcc/arm-none-eabi/5.4.1/armv6-m/crti.o
                0x00001c30                _fini
 .fini          0x00001c34        0x8 c:/program files (x86)/cypress/psoc creator/4.2/psoc creator/import/gnu/arm/5.4.1/bin/../lib/gcc/arm-none-eabi/5.4.1/armv6-m/crtn.o
                0x00001c3c                . = ALIGN (0x4)
                0x00001c3c                __fini_array_start = .
 *(.fini_array)
 .fini_array    0x00001c3c        0x4 c:/program files (x86)/cypress/psoc creator/4.2/psoc creator/import/gnu/arm/5.4.1/bin/../lib/gcc/arm-none-eabi/5.4.1/armv6-m/crtbegin.o
 *(SORT(.fini_array.*))
                0x00001c40                __fini_array_end = .
                0x00001c40                . = ALIGN (0x4)
 *crtbegin.o(.ctors)
 *(EXCLUDE_FILE(*crtend.o) .ctors)
 *(SORT(.ctors.*))
 *crtend.o(.ctors)
                0x00001c40                . = ALIGN (0x4)
 *crtbegin.o(.dtors)
 *(EXCLUDE_FILE(*crtend.o) .dtors)
 *(SORT(.dtors.*))
 *crtend.o(.dtors)
                0x00001c40                . = ALIGN (0x4)
                0x00001c40                __cy_regions = .
                0x00001c40        0x4 LONG 0x1c50 __cy_region_init_ram
                0x00001c44        0x4 LONG 0x200000c8 __cy_region_start_data
                0x00001c48        0x4 LONG 0xc0 __cy_region_init_size_ram
                0x00001c4c        0x4 LONG 0x50 __cy_region_zero_size_ram
                0x00001c50                __cy_regions_end = .
                0x00001c50                . = ALIGN (0x8)
                0x00001c50                _etext = .

.cy_checksum_exclude
                0x00001c50        0x0
 *(.cy_checksum_exclude)

.ramvectors     0x20000000       0xc0
                0x20000000                __cy_region_start_ram = .
 *(.ramvectors)
 .ramvectors    0x20000000       0xc0 .\CortexM0\ARM_GCC_541\Debug\Cm0Start.o
                0x20000000                CyRamVectors

.noinit         0x200000c0        0x4
 *(.noinit)
 .noinit        0x200000c0        0x4 .\CortexM0\ARM_GCC_541\Debug\Cm0Start.o

.data           0x200000c8       0xc0 load address 0x00001c50
                0x200000c8                __cy_region_start_data = .
 *(.jcr)
 .jcr           0x200000c8        0x0 c:/program files (x86)/cypress/psoc creator/4.2/psoc creator/import/gnu/arm/5.4.1/bin/../lib/gcc/arm-none-eabi/5.4.1/armv6-m/crtbegin.o
 .jcr           0x200000c8        0x4 c:/program files (x86)/cypress/psoc creator/4.2/psoc creator/import/gnu/arm/5.4.1/bin/../lib/gcc/arm-none-eabi/5.4.1/armv6-m/crtend.o
 *(.got.plt)
 *(.got)
 *(.shdata)
 *(.data .data.* .gnu.linkonce.d.*)
 .data          0x200000cc       0x44 .\CortexM0\ARM_GCC_541\Debug\DS18x8_demo.a(OneWire.o)
 .data          0x20000110       0x14 .\CortexM0\ARM_GCC_541\Debug\DS18x8_demo.a(CyLib.o)
                0x20000110                cydelayFreqHz
                0x20000114                cydelayFreqKhz
                0x20000118                cydelayFreqMhz
                0x2000011c                cydelay32kMs
                0x20000120                CySysClkPumpConfig
 .data.impure_data
                0x20000124       0x60 c:/program files (x86)/cypress/psoc creator/4.2/psoc creator/import/gnu/arm/5.4.1/bin/../lib/gcc/arm-none-eabi/5.4.1/../../../../arm-none-eabi/lib/armv6-m\libg_nano.a(lib_a-impure.o)
 .data._impure_ptr
                0x20000184        0x4 c:/program files (x86)/cypress/psoc creator/4.2/psoc creator/import/gnu/arm/5.4.1/bin/../lib/gcc/arm-none-eabi/5.4.1/../../../../arm-none-eabi/lib/armv6-m\libg_nano.a(lib_a-impure.o)
                0x20000184                _impure_ptr
                0x20000188                . = ALIGN (0x8)
 *(.ram)
                0x20000188                _edata = .

.igot.plt       0x20000188        0x0 load address 0x00001d10
 .igot.plt      0x20000188        0x0 c:/program files (x86)/cypress/psoc creator/4.2/psoc creator/import/gnu/arm/5.4.1/bin/../lib/gcc/arm-none-eabi/5.4.1/armv6-m/crtbegin.o

.bss            0x20000188       0x50 load address 0x00001d10
                0x20000188                PROVIDE (__bss_start__, .)
 *(.shbss)
 *(.bss .bss.* .gnu.linkonce.b.*)
 .bss           0x20000188       0x1c c:/program files (x86)/cypress/psoc creator/4.2/psoc creator/import/gnu/arm/5.4.1/bin/../lib/gcc/arm-none-eabi/5.4.1/armv6-m/crtbegin.o
 .bss           0x200001a4        0x8 .\CortexM0\ARM_GCC_541\Debug\main.o
 .bss           0x200001ac        0x1 .\CortexM0\ARM_GCC_541\Debug\DS18x8_demo.a(OneWire_TimerDelay.o)
                0x200001ac                OneWire_TimerDelay_initVar
 *fill*         0x200001ad        0x1 
 .bss           0x200001ae        0x4 .\CortexM0\ARM_GCC_541\Debug\DS18x8_demo.a(UART_DEB.o)
                0x200001ae                UART_DEB_initVar
                0x200001b0                UART_DEB_IntrTxMask
 *(COMMON)
 *fill*         0x200001b2        0x2 
 COMMON         0x200001b4       0x21 .\CortexM0\ARM_GCC_541\Debug\main.o
                0x200001b4                OneWire_Sensor
                0x200001d4                OneWire_DataReady
 COMMON         0x200001d5        0x1 .\CortexM0\ARM_GCC_541\Debug\DS18x8_demo.a(OneWire.o)
                0x200001d5                BusPresence
                0x200001d8                . = ALIGN (0x8)
 *fill*         0x200001d6        0x2 
 *(.ram.b)
                0x200001d8                _end = .
                0x200001d8                __end = .
                0x200001d8                PROVIDE (end, .)
                0x200001d8                PROVIDE (__bss_end__, .)
                0x00001c50                __cy_region_init_ram = LOADADDR (.data)
                0x000000c0                __cy_region_init_size_ram = (_edata - ADDR (.data))
                0x00000050                __cy_region_zero_size_ram = (_end - _edata)

.heap           0x200001d8     0x1000 load address 0x00001d10
                0x200001d8                . = _end
                0x200011d8                . = (. + 0x1000)
 *fill*         0x200001d8     0x1000 
                0x200011d8                __cy_heap_limit = .

.stack          0x20004000     0x4000
                0x20004000                __cy_stack_limit = .
                0x20008000                . = (. + 0x4000)
 *fill*         0x20004000     0x4000 
                0x00000001                ASSERT ((__cy_stack_limit >= __cy_heap_limit), region RAM overflowed with stack)
                0x00000000                cy_checksum_exclude_size = (CY_APPL_LOADABLE == 0x1)?SIZEOF (.cy_checksum_exclude):0x0
                0x00000001                ASSERT ((cy_checksum_exclude_size <= CY_CHECKSUM_EXCLUDE_SIZE), CY_BOOT: Section .cy_checksum_exclude size exceedes specified limit.)
                0x0003ffc0                cyloadermeta_start = (cy_project_type_bootloader || cy_project_type_app_for_stack_and_copier)?(LENGTH (rom) - CY_METADATA_SIZE):0xf0000000

.cyloadermeta
 *(.cyloadermeta)
                0x0003ffc0                cyloadablemeta_start = cy_project_type_app_for_stack_and_copier?((LENGTH (rom) - CY_FLASH_ROW_SIZE) - CY_METADATA_SIZE):((LENGTH (rom) - (CY_FLASH_ROW_SIZE * (CY_APPL_NUM - 0x1))) - CY_METADATA_SIZE)

.cyloadablemeta
 *(.cyloadablemeta)

.cyflashprotect
                0x90400000       0x80
 *(.cyflashprotect)
 .cyflashprotect
                0x90400000       0x80 .\CortexM0\ARM_GCC_541\Debug\cymetadata.o
                0x90400000                cy_meta_flashprotect

.cymeta         0x90500000        0xc
 *(.cymeta)
 .cymeta        0x90500000        0xc .\CortexM0\ARM_GCC_541\Debug\cymetadata.o
                0x90500000                cy_metadata

.cychipprotect  0x90600000        0x1
 *(.cychipprotect)
 .cychipprotect
                0x90600000        0x1 .\CortexM0\ARM_GCC_541\Debug\cymetadata.o
                0x90600000                cy_meta_chipprotect

.rel.dyn        0x00001d10        0x0 load address 0x90600004
 .rel.iplt      0x00001d10        0x0 c:/program files (x86)/cypress/psoc creator/4.2/psoc creator/import/gnu/arm/5.4.1/bin/../lib/gcc/arm-none-eabi/5.4.1/armv6-m/crtbegin.o

.stab
 *(.stab)

.stabstr
 *(.stabstr)

.debug
 *(.debug)

.line
 *(.line)

.debug_srcinfo
 *(.debug_srcinfo)

.debug_sfnames
 *(.debug_sfnames)

.debug_aranges  0x00000000      0x8a8
 *(.debug_aranges)
 .debug_aranges
                0x00000000       0x38 .\CortexM0\ARM_GCC_541\Debug\main.o
 .debug_aranges
                0x00000038       0x50 .\CortexM0\ARM_GCC_541\Debug\cyfitter_cfg.o
 .debug_aranges
                0x00000088       0x18 .\CortexM0\ARM_GCC_541\Debug\cymetadata.o
 .debug_aranges
                0x000000a0       0x48 .\CortexM0\ARM_GCC_541\Debug\Cm0Start.o
 .debug_aranges
                0x000000e8       0x90 .\CortexM0\ARM_GCC_541\Debug\DS18x8_demo.a(OneWire.o)
 .debug_aranges
                0x00000178       0x80 .\CortexM0\ARM_GCC_541\Debug\DS18x8_demo.a(isr_Timer.o)
 .debug_aranges
                0x000001f8       0x28 .\CortexM0\ARM_GCC_541\Debug\DS18x8_demo.a(OneWire_ControlReg_DRV.o)
 .debug_aranges
                0x00000220       0x40 .\CortexM0\ARM_GCC_541\Debug\DS18x8_demo.a(OneWire_StatusReg_BUS.o)
 .debug_aranges
                0x00000260       0xa0 .\CortexM0\ARM_GCC_541\Debug\DS18x8_demo.a(OneWire_TimerDelay.o)
 .debug_aranges
                0x00000300       0x28 .\CortexM0\ARM_GCC_541\Debug\DS18x8_demo.a(OneWire_ControlReg_SEL.o)
 .debug_aranges
                0x00000328       0x28 .\CortexM0\ARM_GCC_541\Debug\DS18x8_demo.a(OneWire_Trigger.o)
 .debug_aranges
                0x00000350       0x80 .\CortexM0\ARM_GCC_541\Debug\DS18x8_demo.a(OneWire_isr_DataReady.o)
 .debug_aranges
                0x000003d0      0x1d0 .\CortexM0\ARM_GCC_541\Debug\DS18x8_demo.a(CyLib.o)
 .debug_aranges
                0x000005a0       0x60 .\CortexM0\ARM_GCC_541\Debug\DS18x8_demo.a(UART_DEB.o)
 .debug_aranges
                0x00000600       0x90 .\CortexM0\ARM_GCC_541\Debug\DS18x8_demo.a(UART_DEB_UART.o)
 .debug_aranges
                0x00000690      0x198 .\CortexM0\ARM_GCC_541\Debug\DS18x8_demo.a(CyLFClk.o)
 .debug_aranges
                0x00000828       0x20 .\CortexM0\ARM_GCC_541\Debug\DS18x8_demo.a(CyBootAsmGnu.o)
 .debug_aranges
                0x00000848       0x60 .\CortexM0\ARM_GCC_541\Debug\DS18x8_demo.a(UART_DEB_SPI_UART.o)

.debug_pubnames
 *(.debug_pubnames)

.debug_info     0x00000000     0x3674
 *(.debug_info .gnu.linkonce.wi.*)
 .debug_info    0x00000000      0x1b8 .\CortexM0\ARM_GCC_541\Debug\main.o
 .debug_info    0x000001b8      0x453 .\CortexM0\ARM_GCC_541\Debug\cyfitter_cfg.o
 .debug_info    0x0000060b       0xf8 .\CortexM0\ARM_GCC_541\Debug\cymetadata.o
 .debug_info    0x00000703      0x312 .\CortexM0\ARM_GCC_541\Debug\Cm0Start.o
 .debug_info    0x00000a15      0x496 .\CortexM0\ARM_GCC_541\Debug\DS18x8_demo.a(OneWire.o)
 .debug_info    0x00000eab      0x24d .\CortexM0\ARM_GCC_541\Debug\DS18x8_demo.a(isr_Timer.o)
 .debug_info    0x000010f8       0xd7 .\CortexM0\ARM_GCC_541\Debug\DS18x8_demo.a(OneWire_ControlReg_DRV.o)
 .debug_info    0x000011cf      0x142 .\CortexM0\ARM_GCC_541\Debug\DS18x8_demo.a(OneWire_StatusReg_BUS.o)
 .debug_info    0x00001311      0x27f .\CortexM0\ARM_GCC_541\Debug\DS18x8_demo.a(OneWire_TimerDelay.o)
 .debug_info    0x00001590       0xd7 .\CortexM0\ARM_GCC_541\Debug\DS18x8_demo.a(OneWire_ControlReg_SEL.o)
 .debug_info    0x00001667       0xd7 .\CortexM0\ARM_GCC_541\Debug\DS18x8_demo.a(OneWire_Trigger.o)
 .debug_info    0x0000173e      0x24d .\CortexM0\ARM_GCC_541\Debug\DS18x8_demo.a(OneWire_isr_DataReady.o)
 .debug_info    0x0000198b      0xab5 .\CortexM0\ARM_GCC_541\Debug\DS18x8_demo.a(CyLib.o)
 .debug_info    0x00002440      0x1ca .\CortexM0\ARM_GCC_541\Debug\DS18x8_demo.a(UART_DEB.o)
 .debug_info    0x0000260a      0x320 .\CortexM0\ARM_GCC_541\Debug\DS18x8_demo.a(UART_DEB_UART.o)
 .debug_info    0x0000292a      0xab3 .\CortexM0\ARM_GCC_541\Debug\DS18x8_demo.a(CyLFClk.o)
 .debug_info    0x000033dd       0x7f .\CortexM0\ARM_GCC_541\Debug\DS18x8_demo.a(CyBootAsmGnu.o)
 .debug_info    0x0000345c      0x218 .\CortexM0\ARM_GCC_541\Debug\DS18x8_demo.a(UART_DEB_SPI_UART.o)

.debug_abbrev   0x00000000     0x13b6
 *(.debug_abbrev)
 .debug_abbrev  0x00000000       0xfd .\CortexM0\ARM_GCC_541\Debug\main.o
 .debug_abbrev  0x000000fd      0x1a4 .\CortexM0\ARM_GCC_541\Debug\cyfitter_cfg.o
 .debug_abbrev  0x000002a1       0x5d .\CortexM0\ARM_GCC_541\Debug\cymetadata.o
 .debug_abbrev  0x000002fe      0x1c8 .\CortexM0\ARM_GCC_541\Debug\Cm0Start.o
 .debug_abbrev  0x000004c6      0x1e7 .\CortexM0\ARM_GCC_541\Debug\DS18x8_demo.a(OneWire.o)
 .debug_abbrev  0x000006ad      0x16a .\CortexM0\ARM_GCC_541\Debug\DS18x8_demo.a(isr_Timer.o)
 .debug_abbrev  0x00000817       0x81 .\CortexM0\ARM_GCC_541\Debug\DS18x8_demo.a(OneWire_ControlReg_DRV.o)
 .debug_abbrev  0x00000898       0xaa .\CortexM0\ARM_GCC_541\Debug\DS18x8_demo.a(OneWire_StatusReg_BUS.o)
 .debug_abbrev  0x00000942      0x11b .\CortexM0\ARM_GCC_541\Debug\DS18x8_demo.a(OneWire_TimerDelay.o)
 .debug_abbrev  0x00000a5d       0x81 .\CortexM0\ARM_GCC_541\Debug\DS18x8_demo.a(OneWire_ControlReg_SEL.o)
 .debug_abbrev  0x00000ade       0x81 .\CortexM0\ARM_GCC_541\Debug\DS18x8_demo.a(OneWire_Trigger.o)
 .debug_abbrev  0x00000b5f      0x16a .\CortexM0\ARM_GCC_541\Debug\DS18x8_demo.a(OneWire_isr_DataReady.o)
 .debug_abbrev  0x00000cc9      0x1a7 .\CortexM0\ARM_GCC_541\Debug\DS18x8_demo.a(CyLib.o)
 .debug_abbrev  0x00000e70       0xcb .\CortexM0\ARM_GCC_541\Debug\DS18x8_demo.a(UART_DEB.o)
 .debug_abbrev  0x00000f3b       0xfd .\CortexM0\ARM_GCC_541\Debug\DS18x8_demo.a(UART_DEB_UART.o)
 .debug_abbrev  0x00001038      0x22a .\CortexM0\ARM_GCC_541\Debug\DS18x8_demo.a(CyLFClk.o)
 .debug_abbrev  0x00001262       0x14 .\CortexM0\ARM_GCC_541\Debug\DS18x8_demo.a(CyBootAsmGnu.o)
 .debug_abbrev  0x00001276      0x140 .\CortexM0\ARM_GCC_541\Debug\DS18x8_demo.a(UART_DEB_SPI_UART.o)

.debug_line     0x00000000     0x1f98
 *(.debug_line)
 .debug_line    0x00000000       0xb1 .\CortexM0\ARM_GCC_541\Debug\main.o
 .debug_line    0x000000b1      0x1d6 .\CortexM0\ARM_GCC_541\Debug\cyfitter_cfg.o
 .debug_line    0x00000287      0x141 .\CortexM0\ARM_GCC_541\Debug\cymetadata.o
 .debug_line    0x000003c8      0x1d0 .\CortexM0\ARM_GCC_541\Debug\Cm0Start.o
 .debug_line    0x00000598      0x277 .\CortexM0\ARM_GCC_541\Debug\DS18x8_demo.a(OneWire.o)
 .debug_line    0x0000080f      0x158 .\CortexM0\ARM_GCC_541\Debug\DS18x8_demo.a(isr_Timer.o)
 .debug_line    0x00000967       0x7f .\CortexM0\ARM_GCC_541\Debug\DS18x8_demo.a(OneWire_ControlReg_DRV.o)
 .debug_line    0x000009e6       0xb8 .\CortexM0\ARM_GCC_541\Debug\DS18x8_demo.a(OneWire_StatusReg_BUS.o)
 .debug_line    0x00000a9e      0x19e .\CortexM0\ARM_GCC_541\Debug\DS18x8_demo.a(OneWire_TimerDelay.o)
 .debug_line    0x00000c3c       0x7f .\CortexM0\ARM_GCC_541\Debug\DS18x8_demo.a(OneWire_ControlReg_SEL.o)
 .debug_line    0x00000cbb       0x78 .\CortexM0\ARM_GCC_541\Debug\DS18x8_demo.a(OneWire_Trigger.o)
 .debug_line    0x00000d33      0x164 .\CortexM0\ARM_GCC_541\Debug\DS18x8_demo.a(OneWire_isr_DataReady.o)
 .debug_line    0x00000e97      0x57d .\CortexM0\ARM_GCC_541\Debug\DS18x8_demo.a(CyLib.o)
 .debug_line    0x00001414      0x109 .\CortexM0\ARM_GCC_541\Debug\DS18x8_demo.a(UART_DEB.o)
 .debug_line    0x0000151d      0x1cb .\CortexM0\ARM_GCC_541\Debug\DS18x8_demo.a(UART_DEB_UART.o)
 .debug_line    0x000016e8      0x721 .\CortexM0\ARM_GCC_541\Debug\DS18x8_demo.a(CyLFClk.o)
 .debug_line    0x00001e09       0x68 .\CortexM0\ARM_GCC_541\Debug\DS18x8_demo.a(CyBootAsmGnu.o)
 .debug_line    0x00001e71      0x127 .\CortexM0\ARM_GCC_541\Debug\DS18x8_demo.a(UART_DEB_SPI_UART.o)

.debug_frame    0x00000000     0x1d2c
 *(.debug_frame)
 .debug_frame   0x00000000       0x84 .\CortexM0\ARM_GCC_541\Debug\main.o
 .debug_frame   0x00000084       0xe8 .\CortexM0\ARM_GCC_541\Debug\cyfitter_cfg.o
 .debug_frame   0x0000016c       0xc8 .\CortexM0\ARM_GCC_541\Debug\Cm0Start.o
 .debug_frame   0x00000234      0x1e4 .\CortexM0\ARM_GCC_541\Debug\DS18x8_demo.a(OneWire.o)
 .debug_frame   0x00000418      0x190 .\CortexM0\ARM_GCC_541\Debug\DS18x8_demo.a(isr_Timer.o)
 .debug_frame   0x000005a8       0x4c .\CortexM0\ARM_GCC_541\Debug\DS18x8_demo.a(OneWire_ControlReg_DRV.o)
 .debug_frame   0x000005f4       0xb0 .\CortexM0\ARM_GCC_541\Debug\DS18x8_demo.a(OneWire_StatusReg_BUS.o)
 .debug_frame   0x000006a4      0x204 .\CortexM0\ARM_GCC_541\Debug\DS18x8_demo.a(OneWire_TimerDelay.o)
 .debug_frame   0x000008a8       0x4c .\CortexM0\ARM_GCC_541\Debug\DS18x8_demo.a(OneWire_ControlReg_SEL.o)
 .debug_frame   0x000008f4       0x4c .\CortexM0\ARM_GCC_541\Debug\DS18x8_demo.a(OneWire_Trigger.o)
 .debug_frame   0x00000940      0x190 .\CortexM0\ARM_GCC_541\Debug\DS18x8_demo.a(OneWire_isr_DataReady.o)
 .debug_frame   0x00000ad0      0x6c4 .\CortexM0\ARM_GCC_541\Debug\DS18x8_demo.a(CyLib.o)
 .debug_frame   0x00001194      0x114 .\CortexM0\ARM_GCC_541\Debug\DS18x8_demo.a(UART_DEB.o)
 .debug_frame   0x000012a8      0x1dc .\CortexM0\ARM_GCC_541\Debug\DS18x8_demo.a(UART_DEB_UART.o)
 .debug_frame   0x00001484      0x5f8 .\CortexM0\ARM_GCC_541\Debug\DS18x8_demo.a(CyLFClk.o)
 .debug_frame   0x00001a7c      0x128 .\CortexM0\ARM_GCC_541\Debug\DS18x8_demo.a(UART_DEB_SPI_UART.o)
 .debug_frame   0x00001ba4       0x20 c:/program files (x86)/cypress/psoc creator/4.2/psoc creator/import/gnu/arm/5.4.1/bin/../lib/gcc/arm-none-eabi/5.4.1/armv6-m\libgcc.a(_udivsi3.o)
 .debug_frame   0x00001bc4       0x20 c:/program files (x86)/cypress/psoc creator/4.2/psoc creator/import/gnu/arm/5.4.1/bin/../lib/gcc/arm-none-eabi/5.4.1/armv6-m\libgcc.a(_divsi3.o)
 .debug_frame   0x00001be4       0x38 c:/program files (x86)/cypress/psoc creator/4.2/psoc creator/import/gnu/arm/5.4.1/bin/../lib/gcc/arm-none-eabi/5.4.1/armv6-m\libgcc.a(mulsf3.o)
 .debug_frame   0x00001c1c       0x2c c:/program files (x86)/cypress/psoc creator/4.2/psoc creator/import/gnu/arm/5.4.1/bin/../lib/gcc/arm-none-eabi/5.4.1/armv6-m\libgcc.a(floatsisf.o)
 .debug_frame   0x00001c48       0x20 c:/program files (x86)/cypress/psoc creator/4.2/psoc creator/import/gnu/arm/5.4.1/bin/../lib/gcc/arm-none-eabi/5.4.1/../../../../arm-none-eabi/lib/armv6-m\libg_nano.a(lib_a-errno.o)
 .debug_frame   0x00001c68       0x28 c:/program files (x86)/cypress/psoc creator/4.2/psoc creator/import/gnu/arm/5.4.1/bin/../lib/gcc/arm-none-eabi/5.4.1/../../../../arm-none-eabi/lib/armv6-m\libg_nano.a(lib_a-exit.o)
 .debug_frame   0x00001c90       0x2c c:/program files (x86)/cypress/psoc creator/4.2/psoc creator/import/gnu/arm/5.4.1/bin/../lib/gcc/arm-none-eabi/5.4.1/../../../../arm-none-eabi/lib/armv6-m\libg_nano.a(lib_a-init.o)
 .debug_frame   0x00001cbc       0x28 c:/program files (x86)/cypress/psoc creator/4.2/psoc creator/import/gnu/arm/5.4.1/bin/../lib/gcc/arm-none-eabi/5.4.1/../../../../arm-none-eabi/lib/armv6-m\libg_nano.a(lib_a-memcpy-stub.o)
 .debug_frame   0x00001ce4       0x20 c:/program files (x86)/cypress/psoc creator/4.2/psoc creator/import/gnu/arm/5.4.1/bin/../lib/gcc/arm-none-eabi/5.4.1/../../../../arm-none-eabi/lib/armv6-m\libg_nano.a(lib_a-memset.o)
 .debug_frame   0x00001d04       0x28 c:/program files (x86)/cypress/psoc creator/4.2/psoc creator/import/gnu/arm/5.4.1/bin/../lib/gcc/arm-none-eabi/5.4.1/../../../../arm-none-eabi/lib/armv6-m\libg_nano.a(lib_a-strcat.o)

.debug_str      0x00000000     0x1f4f
 *(.debug_str)
 .debug_str     0x00000000      0x1c4 .\CortexM0\ARM_GCC_541\Debug\main.o
                                0x210 (size before relaxing)
 .debug_str     0x000001c4      0x155 .\CortexM0\ARM_GCC_541\Debug\cyfitter_cfg.o
                                0x302 (size before relaxing)
 .debug_str     0x00000319       0x63 .\CortexM0\ARM_GCC_541\Debug\cymetadata.o
                                0x1b7 (size before relaxing)
 .debug_str     0x0000037c      0x119 .\CortexM0\ARM_GCC_541\Debug\Cm0Start.o
                                0x2bd (size before relaxing)
 .debug_str     0x00000495      0x1b3 .\CortexM0\ARM_GCC_541\Debug\DS18x8_demo.a(OneWire.o)
                                0x37b (size before relaxing)
 .debug_str     0x00000648      0x136 .\CortexM0\ARM_GCC_541\Debug\DS18x8_demo.a(isr_Timer.o)
                                0x2e4 (size before relaxing)
 .debug_str     0x0000077e       0x71 .\CortexM0\ARM_GCC_541\Debug\DS18x8_demo.a(OneWire_ControlReg_DRV.o)
                                0x1d1 (size before relaxing)
 .debug_str     0x000007ef       0xd6 .\CortexM0\ARM_GCC_541\Debug\DS18x8_demo.a(OneWire_StatusReg_BUS.o)
                                0x25f (size before relaxing)
 .debug_str     0x000008c5      0x298 .\CortexM0\ARM_GCC_541\Debug\DS18x8_demo.a(OneWire_TimerDelay.o)
                                0x42a (size before relaxing)
 .debug_str     0x00000b5d       0x69 .\CortexM0\ARM_GCC_541\Debug\DS18x8_demo.a(OneWire_ControlReg_SEL.o)
                                0x1d1 (size before relaxing)
 .debug_str     0x00000bc6       0x54 .\CortexM0\ARM_GCC_541\Debug\DS18x8_demo.a(OneWire_Trigger.o)
                                0x1bc (size before relaxing)
 .debug_str     0x00000c1a      0x1c6 .\CortexM0\ARM_GCC_541\Debug\DS18x8_demo.a(OneWire_isr_DataReady.o)
                                0x38c (size before relaxing)
 .debug_str     0x00000de0      0x5df .\CortexM0\ARM_GCC_541\Debug\DS18x8_demo.a(CyLib.o)
                                0x7ac (size before relaxing)
 .debug_str     0x000013bf      0x115 .\CortexM0\ARM_GCC_541\Debug\DS18x8_demo.a(UART_DEB.o)
                                0x299 (size before relaxing)
 .debug_str     0x000014d4      0x210 .\CortexM0\ARM_GCC_541\Debug\DS18x8_demo.a(UART_DEB_UART.o)
                                0x3b0 (size before relaxing)
 .debug_str     0x000016e4      0x715 .\CortexM0\ARM_GCC_541\Debug\DS18x8_demo.a(CyLFClk.o)
                                0x8e9 (size before relaxing)
 .debug_str     0x00001df9      0x156 .\CortexM0\ARM_GCC_541\Debug\DS18x8_demo.a(UART_DEB_SPI_UART.o)
                                0x2e5 (size before relaxing)

.debug_loc
 *(.debug_loc)

.debug_macinfo
 *(.debug_macinfo)

.debug_ranges   0x00000000      0x770
 *(.debug_ranges)
 .debug_ranges  0x00000000       0x28 .\CortexM0\ARM_GCC_541\Debug\main.o
 .debug_ranges  0x00000028       0x40 .\CortexM0\ARM_GCC_541\Debug\cyfitter_cfg.o
 .debug_ranges  0x00000068       0x38 .\CortexM0\ARM_GCC_541\Debug\Cm0Start.o
 .debug_ranges  0x000000a0       0x80 .\CortexM0\ARM_GCC_541\Debug\DS18x8_demo.a(OneWire.o)
 .debug_ranges  0x00000120       0x70 .\CortexM0\ARM_GCC_541\Debug\DS18x8_demo.a(isr_Timer.o)
 .debug_ranges  0x00000190       0x18 .\CortexM0\ARM_GCC_541\Debug\DS18x8_demo.a(OneWire_ControlReg_DRV.o)
 .debug_ranges  0x000001a8       0x30 .\CortexM0\ARM_GCC_541\Debug\DS18x8_demo.a(OneWire_StatusReg_BUS.o)
 .debug_ranges  0x000001d8       0x90 .\CortexM0\ARM_GCC_541\Debug\DS18x8_demo.a(OneWire_TimerDelay.o)
 .debug_ranges  0x00000268       0x18 .\CortexM0\ARM_GCC_541\Debug\DS18x8_demo.a(OneWire_ControlReg_SEL.o)
 .debug_ranges  0x00000280       0x18 .\CortexM0\ARM_GCC_541\Debug\DS18x8_demo.a(OneWire_Trigger.o)
 .debug_ranges  0x00000298       0x70 .\CortexM0\ARM_GCC_541\Debug\DS18x8_demo.a(OneWire_isr_DataReady.o)
 .debug_ranges  0x00000308      0x1c0 .\CortexM0\ARM_GCC_541\Debug\DS18x8_demo.a(CyLib.o)
 .debug_ranges  0x000004c8       0x50 .\CortexM0\ARM_GCC_541\Debug\DS18x8_demo.a(UART_DEB.o)
 .debug_ranges  0x00000518       0x80 .\CortexM0\ARM_GCC_541\Debug\DS18x8_demo.a(UART_DEB_UART.o)
 .debug_ranges  0x00000598      0x188 .\CortexM0\ARM_GCC_541\Debug\DS18x8_demo.a(CyLFClk.o)
 .debug_ranges  0x00000720       0x50 .\CortexM0\ARM_GCC_541\Debug\DS18x8_demo.a(UART_DEB_SPI_UART.o)

.comment        0x00000000       0x6e
 .comment       0x00000000       0x6e .\CortexM0\ARM_GCC_541\Debug\main.o
                                 0x6f (size before relaxing)
 .comment       0x0000006e       0x6f .\CortexM0\ARM_GCC_541\Debug\cyfitter_cfg.o
 .comment       0x0000006e       0x6f .\CortexM0\ARM_GCC_541\Debug\cymetadata.o
 .comment       0x0000006e       0x6f .\CortexM0\ARM_GCC_541\Debug\Cm0Start.o
 .comment       0x0000006e       0x6f .\CortexM0\ARM_GCC_541\Debug\DS18x8_demo.a(OneWire.o)
 .comment       0x0000006e       0x6f .\CortexM0\ARM_GCC_541\Debug\DS18x8_demo.a(isr_Timer.o)
 .comment       0x0000006e       0x6f .\CortexM0\ARM_GCC_541\Debug\DS18x8_demo.a(OneWire_ControlReg_DRV.o)
 .comment       0x0000006e       0x6f .\CortexM0\ARM_GCC_541\Debug\DS18x8_demo.a(OneWire_StatusReg_BUS.o)
 .comment       0x0000006e       0x6f .\CortexM0\ARM_GCC_541\Debug\DS18x8_demo.a(OneWire_TimerDelay.o)
 .comment       0x0000006e       0x6f .\CortexM0\ARM_GCC_541\Debug\DS18x8_demo.a(OneWire_ControlReg_SEL.o)
 .comment       0x0000006e       0x6f .\CortexM0\ARM_GCC_541\Debug\DS18x8_demo.a(OneWire_Trigger.o)
 .comment       0x0000006e       0x6f .\CortexM0\ARM_GCC_541\Debug\DS18x8_demo.a(OneWire_isr_DataReady.o)
 .comment       0x0000006e       0x6f .\CortexM0\ARM_GCC_541\Debug\DS18x8_demo.a(CyLib.o)
 .comment       0x0000006e       0x6f .\CortexM0\ARM_GCC_541\Debug\DS18x8_demo.a(UART_DEB.o)
 .comment       0x0000006e       0x6f .\CortexM0\ARM_GCC_541\Debug\DS18x8_demo.a(UART_DEB_UART.o)
 .comment       0x0000006e       0x6f .\CortexM0\ARM_GCC_541\Debug\DS18x8_demo.a(CyLFClk.o)
 .comment       0x0000006e       0x6f .\CortexM0\ARM_GCC_541\Debug\DS18x8_demo.a(UART_DEB_SPI_UART.o)

.debug_weaknames
 *(.debug_weaknames)

.debug_funcnames
 *(.debug_funcnames)

.debug_typenames
 *(.debug_typenames)

.debug_varnames
 *(.debug_varnames)

.note.gnu.arm.ident
 *(.note.gnu.arm.ident)

.ARM.attributes
                0x00000000       0x28
 *(.ARM.attributes)
 .ARM.attributes
                0x00000000       0x1e c:/program files (x86)/cypress/psoc creator/4.2/psoc creator/import/gnu/arm/5.4.1/bin/../lib/gcc/arm-none-eabi/5.4.1/armv6-m/crti.o
 .ARM.attributes
                0x0000001e       0x2c c:/program files (x86)/cypress/psoc creator/4.2/psoc creator/import/gnu/arm/5.4.1/bin/../lib/gcc/arm-none-eabi/5.4.1/armv6-m/crtbegin.o
 .ARM.attributes
                0x0000004a       0x1b c:/program files (x86)/cypress/psoc creator/4.2/psoc creator/import/gnu/arm/5.4.1/bin/../lib/gcc/arm-none-eabi/5.4.1/../../../../arm-none-eabi/lib/armv6-m/crt0.o
 .ARM.attributes
                0x00000065       0x31 .\CortexM0\ARM_GCC_541\Debug\main.o
 .ARM.attributes
                0x00000096       0x31 .\CortexM0\ARM_GCC_541\Debug\cyfitter_cfg.o
 .ARM.attributes
                0x000000c7       0x31 .\CortexM0\ARM_GCC_541\Debug\cymetadata.o
 .ARM.attributes
                0x000000f8       0x31 .\CortexM0\ARM_GCC_541\Debug\Cm0Start.o
 .ARM.attributes
                0x00000129       0x31 .\CortexM0\ARM_GCC_541\Debug\DS18x8_demo.a(OneWire.o)
 .ARM.attributes
                0x0000015a       0x31 .\CortexM0\ARM_GCC_541\Debug\DS18x8_demo.a(isr_Timer.o)
 .ARM.attributes
                0x0000018b       0x31 .\CortexM0\ARM_GCC_541\Debug\DS18x8_demo.a(OneWire_ControlReg_DRV.o)
 .ARM.attributes
                0x000001bc       0x31 .\CortexM0\ARM_GCC_541\Debug\DS18x8_demo.a(OneWire_StatusReg_BUS.o)
 .ARM.attributes
                0x000001ed       0x31 .\CortexM0\ARM_GCC_541\Debug\DS18x8_demo.a(OneWire_TimerDelay.o)
 .ARM.attributes
                0x0000021e       0x31 .\CortexM0\ARM_GCC_541\Debug\DS18x8_demo.a(OneWire_ControlReg_SEL.o)
 .ARM.attributes
                0x0000024f       0x31 .\CortexM0\ARM_GCC_541\Debug\DS18x8_demo.a(OneWire_Trigger.o)
 .ARM.attributes
                0x00000280       0x31 .\CortexM0\ARM_GCC_541\Debug\DS18x8_demo.a(OneWire_isr_DataReady.o)
 .ARM.attributes
                0x000002b1       0x31 .\CortexM0\ARM_GCC_541\Debug\DS18x8_demo.a(CyLib.o)
 .ARM.attributes
                0x000002e2       0x31 .\CortexM0\ARM_GCC_541\Debug\DS18x8_demo.a(UART_DEB.o)
 .ARM.attributes
                0x00000313       0x31 .\CortexM0\ARM_GCC_541\Debug\DS18x8_demo.a(UART_DEB_UART.o)
 .ARM.attributes
                0x00000344       0x31 .\CortexM0\ARM_GCC_541\Debug\DS18x8_demo.a(CyLFClk.o)
 .ARM.attributes
                0x00000375       0x21 .\CortexM0\ARM_GCC_541\Debug\DS18x8_demo.a(CyBootAsmGnu.o)
 .ARM.attributes
                0x00000396       0x31 .\CortexM0\ARM_GCC_541\Debug\DS18x8_demo.a(UART_DEB_SPI_UART.o)
 .ARM.attributes
                0x000003c7       0x1e c:/program files (x86)/cypress/psoc creator/4.2/psoc creator/import/gnu/arm/5.4.1/bin/../lib/gcc/arm-none-eabi/5.4.1/armv6-m\libgcc.a(_udivsi3.o)
 .ARM.attributes
                0x000003e5       0x1e c:/program files (x86)/cypress/psoc creator/4.2/psoc creator/import/gnu/arm/5.4.1/bin/../lib/gcc/arm-none-eabi/5.4.1/armv6-m\libgcc.a(_divsi3.o)
 .ARM.attributes
                0x00000403       0x1e c:/program files (x86)/cypress/psoc creator/4.2/psoc creator/import/gnu/arm/5.4.1/bin/../lib/gcc/arm-none-eabi/5.4.1/armv6-m\libgcc.a(_dvmd_tls.o)
 .ARM.attributes
                0x00000421       0x2c c:/program files (x86)/cypress/psoc creator/4.2/psoc creator/import/gnu/arm/5.4.1/bin/../lib/gcc/arm-none-eabi/5.4.1/armv6-m\libgcc.a(mulsf3.o)
 .ARM.attributes
                0x0000044d       0x2c c:/program files (x86)/cypress/psoc creator/4.2/psoc creator/import/gnu/arm/5.4.1/bin/../lib/gcc/arm-none-eabi/5.4.1/armv6-m\libgcc.a(floatsisf.o)
 .ARM.attributes
                0x00000479       0x1e c:/program files (x86)/cypress/psoc creator/4.2/psoc creator/import/gnu/arm/5.4.1/bin/../lib/gcc/arm-none-eabi/5.4.1/armv6-m\libgcc.a(_clzsi2.o)
 .ARM.attributes
                0x00000497       0x2c c:/program files (x86)/cypress/psoc creator/4.2/psoc creator/import/gnu/arm/5.4.1/bin/../lib/gcc/arm-none-eabi/5.4.1/../../../../arm-none-eabi/lib/armv6-m\libg_nano.a(lib_a-errno.o)
 .ARM.attributes
                0x000004c3       0x2c c:/program files (x86)/cypress/psoc creator/4.2/psoc creator/import/gnu/arm/5.4.1/bin/../lib/gcc/arm-none-eabi/5.4.1/../../../../arm-none-eabi/lib/armv6-m\libg_nano.a(lib_a-exit.o)
 .ARM.attributes
                0x000004ef       0x2c c:/program files (x86)/cypress/psoc creator/4.2/psoc creator/import/gnu/arm/5.4.1/bin/../lib/gcc/arm-none-eabi/5.4.1/../../../../arm-none-eabi/lib/armv6-m\libg_nano.a(lib_a-impure.o)
 .ARM.attributes
                0x0000051b       0x2c c:/program files (x86)/cypress/psoc creator/4.2/psoc creator/import/gnu/arm/5.4.1/bin/../lib/gcc/arm-none-eabi/5.4.1/../../../../arm-none-eabi/lib/armv6-m\libg_nano.a(lib_a-init.o)
 .ARM.attributes
                0x00000547       0x2c c:/program files (x86)/cypress/psoc creator/4.2/psoc creator/import/gnu/arm/5.4.1/bin/../lib/gcc/arm-none-eabi/5.4.1/../../../../arm-none-eabi/lib/armv6-m\libg_nano.a(lib_a-memcpy-stub.o)
 .ARM.attributes
                0x00000573       0x2c c:/program files (x86)/cypress/psoc creator/4.2/psoc creator/import/gnu/arm/5.4.1/bin/../lib/gcc/arm-none-eabi/5.4.1/../../../../arm-none-eabi/lib/armv6-m\libg_nano.a(lib_a-memset.o)
 .ARM.attributes
                0x0000059f       0x2c c:/program files (x86)/cypress/psoc creator/4.2/psoc creator/import/gnu/arm/5.4.1/bin/../lib/gcc/arm-none-eabi/5.4.1/../../../../arm-none-eabi/lib/armv6-m\libg_nano.a(lib_a-strcat.o)
 .ARM.attributes
                0x000005cb       0x1c c:/program files (x86)/cypress/psoc creator/4.2/psoc creator/import/gnu/arm/5.4.1/bin/../lib/gcc/arm-none-eabi/5.4.1/../../../../arm-none-eabi/lib/armv6-m\libg_nano.a(lib_a-strlen.o)
 .ARM.attributes
                0x000005e7       0x2c c:/program files (x86)/cypress/psoc creator/4.2/psoc creator/import/gnu/arm/5.4.1/bin/../lib/gcc/arm-none-eabi/5.4.1/armv6-m/crtend.o
 .ARM.attributes
                0x00000613       0x1e c:/program files (x86)/cypress/psoc creator/4.2/psoc creator/import/gnu/arm/5.4.1/bin/../lib/gcc/arm-none-eabi/5.4.1/armv6-m/crtn.o

/DISCARD/
 *(.note.GNU-stack)
OUTPUT(C:\Users\User\Desktop\Hi\Demo1\DS18x8_demo.cydsn\CortexM0\ARM_GCC_541\Debug\DS18x8_demo.elf elf32-littlearm)
